Archive member included to satisfy reference by file (symbol)

/opt/libdragon/lib/gcc/mips64-elf/14.2.0/../../../../mips64-elf/lib/libdragon.a(n64sys.o)
                              /opt/libdragon/lib/gcc/mips64-elf/14.2.0/../../../../mips64-elf/lib/libt3d.a (data_cache_hit_writeback)
/opt/libdragon/lib/gcc/mips64-elf/14.2.0/../../../../mips64-elf/lib/libdragon.a(interrupt.o)
                              /opt/libdragon/lib/gcc/mips64-elf/14.2.0/../../../../mips64-elf/lib/libdragon.a(n64sys.o) (disable_interrupts)
/opt/libdragon/lib/gcc/mips64-elf/14.2.0/../../../../mips64-elf/lib/libdragon.a(fmath.o)
                              /opt/libdragon/lib/gcc/mips64-elf/14.2.0/../../../../mips64-elf/lib/libt3d.a (fm_sinf)
/opt/libdragon/lib/gcc/mips64-elf/14.2.0/../../../../mips64-elf/lib/libdragon.a(entrypoint.o)
                              (_start)
/opt/libdragon/lib/gcc/mips64-elf/14.2.0/../../../../mips64-elf/lib/libdragon.a(debug.o)
                              /opt/libdragon/lib/gcc/mips64-elf/14.2.0/../../../../mips64-elf/lib/libt3d.a (debug_assert_func_f)
/opt/libdragon/lib/gcc/mips64-elf/14.2.0/../../../../mips64-elf/lib/libdragon.a(usb.o)
                              /opt/libdragon/lib/gcc/mips64-elf/14.2.0/../../../../mips64-elf/lib/libdragon.a(debug.o) (usb_write)
/opt/libdragon/lib/gcc/mips64-elf/14.2.0/../../../../mips64-elf/lib/libdragon.a(cart.o)
                              /opt/libdragon/lib/gcc/mips64-elf/14.2.0/../../../../mips64-elf/lib/libdragon.a(debug.o) (cart_init)
/opt/libdragon/lib/gcc/mips64-elf/14.2.0/../../../../mips64-elf/lib/libdragon.a(ff.o)
                              /opt/libdragon/lib/gcc/mips64-elf/14.2.0/../../../../mips64-elf/lib/libdragon.a(debug.o) (f_mount)
/opt/libdragon/lib/gcc/mips64-elf/14.2.0/../../../../mips64-elf/lib/libdragon.a(ffunicode.o)
                              /opt/libdragon/lib/gcc/mips64-elf/14.2.0/../../../../mips64-elf/lib/libdragon.a(ff.o) (ff_uni2oem)
/opt/libdragon/lib/gcc/mips64-elf/14.2.0/../../../../mips64-elf/lib/libdragon.a(fat.o)
                              /opt/libdragon/lib/gcc/mips64-elf/14.2.0/../../../../mips64-elf/lib/libdragon.a(ff.o) (disk_initialize)
/opt/libdragon/lib/gcc/mips64-elf/14.2.0/../../../../mips64-elf/lib/libdragon.a(dragonfs.o)
                              build/main.o (dfs_close)
/opt/libdragon/lib/gcc/mips64-elf/14.2.0/../../../../mips64-elf/lib/libdragon.a(display.o)
                              build/main.o (display_init)
/opt/libdragon/lib/gcc/mips64-elf/14.2.0/../../../../mips64-elf/lib/libdragon.a(surface.o)
                              /opt/libdragon/lib/gcc/mips64-elf/14.2.0/../../../../mips64-elf/lib/libdragon.a(display.o) (surface_alloc)
/opt/libdragon/lib/gcc/mips64-elf/14.2.0/../../../../mips64-elf/lib/libdragon.a(asset.o)
                              build/main.o (__asset_init_compression_lvl2)
/opt/libdragon/lib/gcc/mips64-elf/14.2.0/../../../../mips64-elf/lib/libdragon.a(lz4_dec.o)
                              /opt/libdragon/lib/gcc/mips64-elf/14.2.0/../../../../mips64-elf/lib/libdragon.a(asset.o) (decompress_lz4_full_inplace)
/opt/libdragon/lib/gcc/mips64-elf/14.2.0/../../../../mips64-elf/lib/libdragon.a(lz4_dec_fast.o)
                              /opt/libdragon/lib/gcc/mips64-elf/14.2.0/../../../../mips64-elf/lib/libdragon.a(lz4_dec.o) (decompress_lz4_full_fast)
/opt/libdragon/lib/gcc/mips64-elf/14.2.0/../../../../mips64-elf/lib/libdragon.a(ringbuf.o)
                              /opt/libdragon/lib/gcc/mips64-elf/14.2.0/../../../../mips64-elf/lib/libdragon.a(lz4_dec.o) (__ringbuf_init)
/opt/libdragon/lib/gcc/mips64-elf/14.2.0/../../../../mips64-elf/lib/libdragon.a(aplib_dec.o)
                              /opt/libdragon/lib/gcc/mips64-elf/14.2.0/../../../../mips64-elf/lib/libdragon.a(asset.o) (decompress_aplib_init)
/opt/libdragon/lib/gcc/mips64-elf/14.2.0/../../../../mips64-elf/lib/libdragon.a(shrinkler_dec.o)
                              /opt/libdragon/lib/gcc/mips64-elf/14.2.0/../../../../mips64-elf/lib/libdragon.a(asset.o) (decompress_shrinkler_full_inplace)
/opt/libdragon/lib/gcc/mips64-elf/14.2.0/../../../../mips64-elf/lib/libdragon.a(joypad.o)
                              build/main.o (joypad_init)
/opt/libdragon/lib/gcc/mips64-elf/14.2.0/../../../../mips64-elf/lib/libdragon.a(joypad_accessory.o)
                              /opt/libdragon/lib/gcc/mips64-elf/14.2.0/../../../../mips64-elf/lib/libdragon.a(joypad.o) (joypad_accessory_reset)
/opt/libdragon/lib/gcc/mips64-elf/14.2.0/../../../../mips64-elf/lib/libdragon.a(rsp.o)
                              /opt/libdragon/lib/gcc/mips64-elf/14.2.0/../../../../mips64-elf/lib/libdragon.a(display.o) (__rsp_crash)
/opt/libdragon/lib/gcc/mips64-elf/14.2.0/../../../../mips64-elf/lib/libdragon.a(rsp_crash.o)
                              /opt/libdragon/lib/gcc/mips64-elf/14.2.0/../../../../mips64-elf/lib/libdragon.a(rsp.o) (rsp_crash_data_start)
[...]
Memory Configuration

Name             Origin             Length             Attributes
*default*        0x00000000         0xffffffff

Linker script and memory map

LOAD /opt/libdragon/lib/gcc/mips64-elf/14.2.0/crti.o
LOAD /opt/libdragon/lib/gcc/mips64-elf/14.2.0/crtbegin.o
LOAD build/main.o
LOAD /opt/libdragon/lib/gcc/mips64-elf/14.2.0/../../../../mips64-elf/lib/libt3d.a
LOAD /opt/libdragon/lib/gcc/mips64-elf/14.2.0/../../../../mips64-elf/lib/libdragon.a
LOAD /opt/libdragon/lib/gcc/mips64-elf/14.2.0/../../../../mips64-elf/lib/libm.a
LOAD /opt/libdragon/lib/gcc/mips64-elf/14.2.0/../../../../mips64-elf/lib/libdragonsys.a

.intvectors     0x80000000      0x188
                0x80000000                        . = ALIGN (0x20)
 *(.intvectors)
 .intvectors    0x80000000      0x188 /opt/libdragon/lib/gcc/mips64-elf/14.2.0/../../../../mips64-elf/lib/libdragon.a(inthandler.o)
                0x80000188                        __intvectors_end = .

.text           0x80000400    0x2e770
                0x80000400                        __text_start = .
 *(.boot)
 .boot          0x80000400       0x74 /opt/libdragon/lib/gcc/mips64-elf/14.2.0/../../../../mips64-elf/lib/libdragon.a(entrypoint.o)
                0x80000400                _start
                0x80000480                        . = ALIGN (0x10)
 *fill*         0x80000474        0xc 
 *(.text)
 .text          0x80000480      0x400 /opt/libdragon/lib/gcc/mips64-elf/14.2.0/../../../../mips64-elf/lib/libdragon.a(inthandler.o)
                0x80000480                inthandler
                0x80000880                inthandler_end
 .text          0x80000880      0x110 /opt/libdragon/lib/gcc/mips64-elf/14.2.0/../../../../mips64-elf/lib/libm.a(libm_a-sf_floor.o)
                0x80000880                floorf
 .text          0x80000990       0x80 /opt/libdragon/lib/gcc/mips64-elf/14.2.0/../../../../mips64-elf/lib/libm.a(libm_a-sf_tan.o)
                0x80000990                tanf
 .text          0x80000a10       0x98 /opt/libdragon/lib/gcc/mips64-elf/14.2.0/../../../../mips64-elf/lib/libm.a(libm_a-sf_round.o)
                0x80000a10                roundf
 .text          0x80000aa8      0x370 /opt/libdragon/lib/gcc/mips64-elf/14.2.0/../../../../mips64-elf/lib/libm.a(libm_a-ef_rem_pio2.o)
                0x80000aa8                __ieee754_rem_pio2f
 .text          0x80000e18      0x2b0 /opt/libdragon/lib/gcc/mips64-elf/14.2.0/../../../../mips64-elf/lib/libm.a(libm_a-kf_tan.o)
                0x80000e18                __kernel_tanf
 .text          0x800010c8       0x20 /opt/libdragon/lib/gcc/mips64-elf/14.2.0/../../../../mips64-elf/lib/libm.a(libm_a-sf_fabs.o)
                0x800010c8                fabsf
 .text          0x800010e8      0x9a0 /opt/libdragon/lib/gcc/mips64-elf/14.2.0/../../../../mips64-elf/lib/libm.a(libm_a-kf_rem_pio2.o)
                0x800010e8                __kernel_rem_pio2f
 .text          0x80001a88      0x188 /opt/libdragon/lib/gcc/mips64-elf/14.2.0/../../../../mips64-elf/lib/libm.a(libm_a-sf_scalbn.o)
                0x80001a88                scalbnf
 .text          0x80001c10     0x2a08 /opt/libdragon/lib/gcc/mips64-elf/14.2.0/../../../../mips64-elf/lib/libc.a(libc_a-vfprintf.o)
                0x80001c10                _vfprintf_r
                0x80004500                vfprintf
 .text          0x80004618      0x11c /opt/libdragon/lib/gcc/mips64-elf/14.2.0/../../../../mips64-elf/lib/libc.a(libc_a-memset.o)
                0x80004618                memset
 *fill*         0x80004734        0x4 
 .text          0x80004738      0x188 /opt/libdragon/lib/gcc/mips64-elf/14.2.0/../../../../mips64-elf/lib/libc.a(libc_a-strchr.o)
                0x80004738                strchr
 .text          0x800048c0     0x2718 /opt/libdragon/lib/gcc/mips64-elf/14.2.0/../../../../mips64-elf/lib/libc.a(libc_a-svfprintf.o)
                0x800048c0                _svfprintf_r
 .text          0x80006fd8      0xbb8 /opt/libdragon/lib/gcc/mips64-elf/14.2.0/../../../../mips64-elf/lib/libc.a(libc_a-strstr.o)
                0x80007890                strstr
 .text          0x80007b90       0x30 /opt/libdragon/lib/gcc/mips64-elf/14.2.0/../../../../mips64-elf/lib/libc.a(libc_a-vprintf.o)
                0x80007b90                vprintf
                0x80007ba8                _vprintf_r
 .text          0x80007bc0      0x458 /opt/libdragon/lib/gcc/mips64-elf/14.2.0/../../../../mips64-elf/lib/libc.a(libc_a-fflush.o)
                0x80007bc0                __sflush_r
                0x80007e18                _fflush_r
                0x80007f20                fflush
 .text          0x80008018       0x90 /opt/libdragon/lib/gcc/mips64-elf/14.2.0/../../../../mips64-elf/lib/libc.a(libc_a-stpcpy.o)
                0x80008018                stpcpy
 .text          0x800080a8      0x168 /opt/libdragon/lib/gcc/mips64-elf/14.2.0/../../../../mips64-elf/lib/libc.a(libc_a-memmove.o)
                0x800080a8                memmove
 .text          0x80008210       0x18 /opt/libdragon/lib/gcc/mips64-elf/14.2.0/../../../../mips64-elf/lib/libc.a(libc_a-calloc.o)
                0x80008210                calloc
 .text          0x80008228        0x8 /opt/libdragon/lib/gcc/mips64-elf/14.2.0/../../../../mips64-elf/lib/libc.a(libc_a-errno.o)
                0x80008228                __errno
 .text          0x80008230      0x240 /opt/libdragon/lib/gcc/mips64-elf/14.2.0/../../../../mips64-elf/lib/libc.a(libc_a-strcmp.o)
                0x80008230                strcmp
 .text          0x80008470       0x18 /opt/libdragon/lib/gcc/mips64-elf/14.2.0/../../../../mips64-elf/lib/libc.a(libc_a-abort.o)
                0x80008470                abort
 .text          0x80008488      0x120 /opt/libdragon/lib/gcc/mips64-elf/14.2.0/../../../../mips64-elf/lib/libc.a(libc_a-callocr.o)
                0x80008488                _calloc_r
 .text          0x800085a8      0x190 /opt/libdragon/lib/gcc/mips64-elf/14.2.0/../../../../mips64-elf/lib/libc.a(libc_a-fputc.o)
                0x800085a8                _fputc_r
                0x80008670                fputc
 .text          0x80008738       0x18 /opt/libdragon/lib/gcc/mips64-elf/14.2.0/../../../../mips64-elf/lib/libc.a(libc_a-realloc.o)
                0x80008738                realloc
 .text          0x80008750      0x8c8 /opt/libdragon/lib/gcc/mips64-elf/14.2.0/../../../../mips64-elf/lib/libc.a(libc_a-mallocr.o)
                0x80008750                _malloc_r
 .text          0x80009018       0x20 /opt/libdragon/lib/gcc/mips64-elf/14.2.0/../../../../mips64-elf/lib/libc.a(libc_a-putchar.o)
                0x80009018                _putchar_r
                0x80009020                putchar
 .text          0x80009038       0x98 /opt/libdragon/lib/gcc/mips64-elf/14.2.0/../../../../mips64-elf/lib/libc.a(libc_a-strcat.o)
                0x80009038                strcat
 .text          0x800090d0     0x1810 /opt/libdragon/lib/gcc/mips64-elf/14.2.0/../../../../mips64-elf/lib/libc.a(libc_a-dtoa.o)
                0x80009320                _dtoa_r
 .text          0x8000a8e0      0x1e0 /opt/libdragon/lib/gcc/mips64-elf/14.2.0/../../../../mips64-elf/lib/libc.a(libc_a-wsetup.o)
                0x8000a8e0                __swsetup_r
 .text          0x8000aac0      0x470 /opt/libdragon/lib/gcc/mips64-elf/14.2.0/../../../../mips64-elf/lib/libc.a(libc_a-freer.o)
                0x8000aac0                _malloc_trim_r
                0x8000ac00                _free_r
 .text          0x8000af30       0x80 /opt/libdragon/lib/gcc/mips64-elf/14.2.0/../../../../mips64-elf/lib/libc.a(libc_a-memcmp.o)
                0x8000af30                memcmp
 .text          0x8000afb0      0x1b0 /opt/libdragon/lib/gcc/mips64-elf/14.2.0/../../../../mips64-elf/lib/libc.a(libc_a-fclose.o)
                0x8000afb0                _fclose_r
                0x8000b150                fclose
 .text          0x8000b160       0x70 /opt/libdragon/lib/gcc/mips64-elf/14.2.0/../../../../mips64-elf/lib/libc.a(libc_a-strrchr.o)
                0x8000b160                strrchr
 .text          0x8000b1d0      0x1c8 /opt/libdragon/lib/gcc/mips64-elf/14.2.0/../../../../mips64-elf/lib/libc.a(libc_a-snprintf.o)
                0x8000b1d0                _snprintf_r
                0x8000b2b0                snprintf
 .text          0x8000b398       0xa8 /opt/libdragon/lib/gcc/mips64-elf/14.2.0/../../../../mips64-elf/lib/libc.a(libc_a-strcpy.o)
                0x8000b398                strcpy
 .text          0x8000b440       0x20 /opt/libdragon/lib/gcc/mips64-elf/14.2.0/../../../../mips64-elf/lib/libc.a(libc_a-malloc.o)
                0x8000b440                malloc
                0x8000b450                free
 .text          0x8000b460      0x240 /opt/libdragon/lib/gcc/mips64-elf/14.2.0/../../../../mips64-elf/lib/libc.a(libc_a-putc.o)
                0x8000b460                _putc_r
                0x8000b570                putc
 .text          0x8000b6a0      0x190 /opt/libdragon/lib/gcc/mips64-elf/14.2.0/../../../../mips64-elf/lib/libc.a(libc_a-stdio.o)
                0x8000b6a0                __sread
                0x8000b6f8                __seofread
                0x8000b700                __swrite
                0x8000b7c0                __sseek
                0x8000b828                __sclose
 .text          0x8000b830       0x68 /opt/libdragon/lib/gcc/mips64-elf/14.2.0/../../../../mips64-elf/lib/libc.a(libc_a-fprintf.o)
                0x8000b830                _fprintf_r
                0x8000b858                fprintf
 .text          0x8000b898       0x18 /opt/libdragon/lib/gcc/mips64-elf/14.2.0/../../../../mips64-elf/lib/libc.a(libc_a-strlen.o)
                0x8000b898                strlen
 .text          0x8000b8b0      0x1d0 /opt/libdragon/lib/gcc/mips64-elf/14.2.0/../../../../mips64-elf/lib/libc.a(libc_a-wbuf.o)
                0x8000b8b0                __swbuf_r
                0x8000ba68                __swbuf
 .text          0x8000ba80      0x600 /opt/libdragon/lib/gcc/mips64-elf/14.2.0/../../../../mips64-elf/lib/libc.a(libc_a-reallocr.o)
                0x8000ba80                _realloc_r
 .text          0x8000c080       0x60 /opt/libdragon/lib/gcc/mips64-elf/14.2.0/../../../../mips64-elf/lib/libc.a(libc_a-writer.o)
                0x8000c080                _write_r
 .text          0x8000c0e0      0x460 /opt/libdragon/lib/gcc/mips64-elf/14.2.0/../../../../mips64-elf/lib/libc.a(libc_a-strerror.o)
                0x8000c0e0                _strerror_r
                0x8000c510                strerror
                0x8000c528                strerror_l
 .text          0x8000c540       0x58 /opt/libdragon/lib/gcc/mips64-elf/14.2.0/../../../../mips64-elf/lib/libc.a(libc_a-fstatr.o)
                0x8000c540                _fstat_r
 .text          0x8000c598      0x250 /opt/libdragon/lib/gcc/mips64-elf/14.2.0/../../../../mips64-elf/lib/libc.a(libc_a-fwrite.o)
                0x8000c598                _fwrite_r
                0x8000c7b8                fwrite
 .text          0x8000c7e8       0x20 /opt/libdragon/lib/gcc/mips64-elf/14.2.0/../../../../mips64-elf/lib/libc.a(libc_a-mlock.o)
                0x8000c7e8                __malloc_lock
                0x8000c7f8                __malloc_unlock
 .text          0x8000c808      0x510 /opt/libdragon/lib/gcc/mips64-elf/14.2.0/../../../../mips64-elf/lib/libc.a(libc_a-findfp.o)
                0x8000caa0                __sfp
                0x8000cc10                __sinit
                0x8000cc88                __sfp_lock_acquire
                0x8000cc98                __sfp_lock_release
                0x8000cca8                __fp_lock_all
                0x8000cce0                __fp_unlock_all
 .text          0x8000cd18      0x1a8 /opt/libdragon/lib/gcc/mips64-elf/14.2.0/../../../../mips64-elf/lib/libc.a(libc_a-puts.o)
                0x8000cd18                _puts_r
                0x8000ceb0                puts
 .text          0x8000cec0      0x508 /opt/libdragon/lib/gcc/mips64-elf/14.2.0/../../../../mips64-elf/lib/libc.a(libc_a-fvwrite.o)
                0x8000cec0                __sfvwrite_r
 .text          0x8000d3c8       0xf0 /opt/libdragon/lib/gcc/mips64-elf/14.2.0/../../../../mips64-elf/lib/libc.a(libc_a-memchr.o)
                0x8000d3c8                memchr
 .text          0x8000d4b8       0xc8 /opt/libdragon/lib/gcc/mips64-elf/14.2.0/../../../../mips64-elf/lib/libc.a(libc_a-ssprint_r.o)
                0x8000d4b8                __ssprint_r
 .text          0x8000d580      0x370 /opt/libdragon/lib/gcc/mips64-elf/14.2.0/../../../../mips64-elf/lib/libc.a(libc_a-memcpy.o)
                0x8000d580                memcpy
 .text          0x8000d8f0       0xe0 /opt/libdragon/lib/gcc/mips64-elf/14.2.0/../../../../mips64-elf/lib/libc.a(libc_a-sprintf.o)
                0x8000d8f0                _sprintf_r
                0x8000d958                sprintf
 .text          0x8000d9d0       0x40 /opt/libdragon/lib/gcc/mips64-elf/14.2.0/../../../../mips64-elf/lib/libc.a(libc_a-strnlen.o)
                0x8000d9d0                strnlen
 .text          0x8000da10       0x78 /opt/libdragon/lib/gcc/mips64-elf/14.2.0/../../../../mips64-elf/lib/libc.a(libc_a-printf.o)
                0x8000da10                _printf_r
                0x8000da48                printf
 .text          0x8000da88       0x50 /opt/libdragon/lib/gcc/mips64-elf/14.2.0/../../../../mips64-elf/lib/libc.a(libc_a-sbrkr.o)
                0x8000da88                _sbrk_r
 .text          0x8000dad8       0x50 /opt/libdragon/lib/gcc/mips64-elf/14.2.0/../../../../mips64-elf/lib/libc.a(libc_a-closer.o)
                0x8000dad8                _close_r
 .text          0x8000db28       0x18 /opt/libdragon/lib/gcc/mips64-elf/14.2.0/../../../../mips64-elf/lib/libc.a(libc_a-malign.o)
                0x8000db28                memalign
 .text          0x8000db40      0x598 /opt/libdragon/lib/gcc/mips64-elf/14.2.0/../../../../mips64-elf/lib/libc.a(libc_a-signal.o)
                0x8000db40                _init_signal_r
                0x8000dba8                _signal_r
                0x8000dc58                _raise_r
                0x8000dd10                __sigtramp_r
                0x8000de00                raise
                0x8000dec8                signal
                0x8000df80                _init_signal
                0x8000dff0                __sigtramp
 .text          0x8000e0d8       0x40 /opt/libdragon/lib/gcc/mips64-elf/14.2.0/../../../../mips64-elf/lib/libc.a(libc_a-sprint_r.o)
                0x8000e0d8                __sprint_r
 .text          0x8000e118     0x1480 /opt/libdragon/lib/gcc/mips64-elf/14.2.0/../../../../mips64-elf/lib/libc.a(libc_a-mprec.o)
                0x8000e118                _Balloc
                0x8000e1c8                _Bfree
                0x8000e1f8                __multadd
                0x8000e350                __s2b
                0x8000e4d0                __hi0bits
                0x8000e578                __lo0bits
                0x8000e690                __i2b
                0x8000e768                __multiply
                0x8000e9f0                __pow5mult
                0x8000eb58                __lshift
                0x8000ed10                __mcmp
                0x8000ed78                __mdiff
                0x8000eff0                __ulp
                0x8000f0a0                __b2d
                0x8000f238                __d2b
                0x8000f390                __ratio
                0x8000f450                _mprec_log10
                0x8000f490                __copybits
                0x8000f518                __any_on
 .text          0x8000f598       0xc0 /opt/libdragon/lib/gcc/mips64-elf/14.2.0/../../../../mips64-elf/lib/libc.a(libc_a-fwalk.o)
                0x8000f598                _fwalk_sglue
 .text          0x8000f658       0x28 /opt/libdragon/lib/gcc/mips64-elf/14.2.0/../../../../mips64-elf/lib/libc.a(libc_a-localeconv.o)
                0x8000f658                __localeconv_l
                0x8000f660                _localeconv_r
                0x8000f670                localeconv
 .text          0x8000f680      0x230 /opt/libdragon/lib/gcc/mips64-elf/14.2.0/../../../../mips64-elf/lib/libc.a(libc_a-makebuf.o)
                0x8000f680                __smakebuf_r
                0x8000f800                __swhatbuf_r
 .text          0x8000f8b0       0x60 /opt/libdragon/lib/gcc/mips64-elf/14.2.0/../../../../mips64-elf/lib/libc.a(libc_a-signalr.o)
                0x8000f8b0                _kill_r
                0x8000f908                _getpid_r
 .text          0x8000f910       0x70 /opt/libdragon/lib/gcc/mips64-elf/14.2.0/../../../../mips64-elf/lib/libc.a(libc_a-mbtowc_r.o)
                0x8000f910                _mbtowc_r
                0x8000f920                __ascii_mbtowc
 .text          0x8000f980        0x8 /opt/libdragon/lib/gcc/mips64-elf/14.2.0/../../../../mips64-elf/lib/libc.a(libc_a-u_strerr.o)
                0x8000f980                _user_strerror
 .text          0x8000f988      0x188 /opt/libdragon/lib/gcc/mips64-elf/14.2.0/../../../../mips64-elf/lib/libc.a(libc_a-ssputs_r.o)
                0x8000f988                __ssputs_r
 .text          0x8000fb10       0x60 /opt/libdragon/lib/gcc/mips64-elf/14.2.0/../../../../mips64-elf/lib/libc.a(libc_a-readr.o)
                0x8000fb10                _read_r
 .text          0x8000fb70      0x200 /opt/libdragon/lib/gcc/mips64-elf/14.2.0/../../../../mips64-elf/lib/libc.a(libc_a-malignr.o)
                0x8000fb70                _memalign_r
 .text          0x8000fd70       0x48 /opt/libdragon/lib/gcc/mips64-elf/14.2.0/../../../../mips64-elf/lib/libc.a(libc_a-wctomb_r.o)
                0x8000fd70                _wctomb_r
                0x8000fd80                __ascii_wctomb
 .text          0x8000fdb8       0x60 /opt/libdragon/lib/gcc/mips64-elf/14.2.0/../../../../mips64-elf/lib/libc.a(libc_a-lseekr.o)
                0x8000fdb8                _lseek_r
 .text          0x8000fe18       0x50 /opt/libdragon/lib/gcc/mips64-elf/14.2.0/../../../../mips64-elf/lib/libc.a(libc_a-isattyr.o)
                0x8000fe18                _isatty_r
 .text          0x8000fe68     0x1de8 /opt/libdragon/lib/gcc/mips64-elf/14.2.0/libgcc.a(unwind-dw2-fde.o)
                0x80011788                __register_frame_info_bases
                0x800117d0                __register_frame_info
                0x80011818                __register_frame
                0x80011888                __register_frame_info_table_bases
                0x800118b8                __register_frame_info_table
                0x800118e8                __register_frame_table
                0x80011940                __deregister_frame_info_bases
                0x80011a28                __deregister_frame_info
                0x80011a30                __deregister_frame
                0x80011a68                _Unwind_Find_FDE
 *(.text.*)
 *fill*         0x80011c50       0x10 
 .text.init     0x80011c60      0x1c0 build/main.o
                0x80011c60                init
 .text.update   0x80011e20      0x200 build/main.o
                0x80011e20                update
 .text.draw     0x80012020      0x100 build/main.o
                0x80012020                draw
 .text.startup.main
                0x80012120      0x120 build/main.o
                0x80012120                main
 .text.t3d_vec3_cross
                0x80012240       0x54 /opt/libdragon/lib/gcc/mips64-elf/14.2.0/../../../../mips64-elf/lib/libt3d.a
 .text.t3d_vec3_norm
                0x80012294       0x54 /opt/libdragon/lib/gcc/mips64-elf/14.2.0/../../../../mips64-elf/lib/libt3d.a
 .text.t3d_mat4_look_at
                0x800122e8      0x130 /opt/libdragon/lib/gcc/mips64-elf/14.2.0/../../../../mips64-elf/lib/libt3d.a
                0x800122e8                t3d_mat4_look_at
 .text.t3d_mat4_to_frustum
                0x80012418       0xb4 /opt/libdragon/lib/gcc/mips64-elf/14.2.0/../../../../mips64-elf/lib/libt3d.a
                0x80012418                t3d_mat4_to_frustum
 .text.t3d_mat4_perspective
                0x800124cc       0xb4 /opt/libdragon/lib/gcc/mips64-elf/14.2.0/../../../../mips64-elf/lib/libt3d.a
                0x800124cc                t3d_mat4_perspective
 .text.t3d_mat4_to_fixed
                0x80012580       0xbc /opt/libdragon/lib/gcc/mips64-elf/14.2.0/../../../../mips64-elf/lib/libt3d.a
                0x80012580                t3d_mat4_to_fixed
 .text.t3d_mat4_from_srt_euler
                0x8001263c      0x17c /opt/libdragon/lib/gcc/mips64-elf/14.2.0/../../../../mips64-elf/lib/libt3d.a
                0x8001263c                t3d_mat4_from_srt_euler
 .text.t3d_mat4_mul
                0x800127b8       0x70 /opt/libdragon/lib/gcc/mips64-elf/14.2.0/../../../../mips64-elf/lib/libt3d.a
 .text.t3d_matrix_stack
                0x80012828       0x6c /opt/libdragon/lib/gcc/mips64-elf/14.2.0/../../../../mips64-elf/lib/libt3d.a
 .text.t3d_dmem_set_u16
                0x80012894       0x48 /opt/libdragon/lib/gcc/mips64-elf/14.2.0/../../../../mips64-elf/lib/libt3d.a
 .text.t3d_dmem_set_u32
                0x800128dc       0x44 /opt/libdragon/lib/gcc/mips64-elf/14.2.0/../../../../mips64-elf/lib/libt3d.a
 .text.t3d_init
                0x80012920       0xc0 /opt/libdragon/lib/gcc/mips64-elf/14.2.0/../../../../mips64-elf/lib/libt3d.a
                0x80012920                t3d_init
 .text.t3d_screen_clear_color
                0x800129e0       0x24 /opt/libdragon/lib/gcc/mips64-elf/14.2.0/../../../../mips64-elf/lib/libt3d.a
                0x800129e0                t3d_screen_clear_color
 .text.t3d_screen_clear_depth
                0x80012a04       0x24 /opt/libdragon/lib/gcc/mips64-elf/14.2.0/../../../../mips64-elf/lib/libt3d.a
                0x80012a04                t3d_screen_clear_depth
 .text.t3d_matrix_set
                0x80012a28       0x10 /opt/libdragon/lib/gcc/mips64-elf/14.2.0/../../../../mips64-elf/lib/libt3d.a
                0x80012a28                t3d_matrix_set
 .text.t3d_matrix_push
                0x80012a38       0x10 /opt/libdragon/lib/gcc/mips64-elf/14.2.0/../../../../mips64-elf/lib/libt3d.a
                0x80012a38                t3d_matrix_push
 .text.t3d_matrix_pop
                0x80012a48       0x18 /opt/libdragon/lib/gcc/mips64-elf/14.2.0/../../../../mips64-elf/lib/libt3d.a
                0x80012a48                t3d_matrix_pop
 .text.t3d_matrix_set_proj
                0x80012a60       0x4c /opt/libdragon/lib/gcc/mips64-elf/14.2.0/../../../../mips64-elf/lib/libt3d.a
                0x80012a60                t3d_matrix_set_proj
 .text.t3d_vert_load
                0x80012aac       0x84 /opt/libdragon/lib/gcc/mips64-elf/14.2.0/../../../../mips64-elf/lib/libt3d.a
                0x80012aac                t3d_vert_load
 .text.t3d_frame_start
                0x80012b30       0x58 /opt/libdragon/lib/gcc/mips64-elf/14.2.0/../../../../mips64-elf/lib/libt3d.a
                0x80012b30                t3d_frame_start
 .text.t3d_light_set_count
                0x80012b88        0xc /opt/libdragon/lib/gcc/mips64-elf/14.2.0/../../../../mips64-elf/lib/libt3d.a
                0x80012b88                t3d_light_set_count
 .text.t3d_light_set_ambient
                0x80012b94       0x54 /opt/libdragon/lib/gcc/mips64-elf/14.2.0/../../../../mips64-elf/lib/libt3d.a
                0x80012b94                t3d_light_set_ambient
 .text.t3d_light_set_directional
                0x80012be8      0x1a0 /opt/libdragon/lib/gcc/mips64-elf/14.2.0/../../../../mips64-elf/lib/libt3d.a
                0x80012be8                t3d_light_set_directional
 .text.t3d_state_set_drawflags
                0x80012d88       0x98 /opt/libdragon/lib/gcc/mips64-elf/14.2.0/../../../../mips64-elf/lib/libt3d.a
                0x80012d88                t3d_state_set_drawflags
 .text.t3d_state_set_vertex_fx
                0x80012e20       0xb4 /opt/libdragon/lib/gcc/mips64-elf/14.2.0/../../../../mips64-elf/lib/libt3d.a
                0x80012e20                t3d_state_set_vertex_fx
 .text.t3d_tri_draw
                0x80012ed4       0xa4 /opt/libdragon/lib/gcc/mips64-elf/14.2.0/../../../../mips64-elf/lib/libt3d.a
                0x80012ed4                t3d_tri_draw
 .text.t3d_tri_draw_strip
                0x80012f78       0xa8 /opt/libdragon/lib/gcc/mips64-elf/14.2.0/../../../../mips64-elf/lib/libt3d.a
                0x80012f78                t3d_tri_draw_strip
 .text.t3d_viewport_attach
                0x80013020      0x37c /opt/libdragon/lib/gcc/mips64-elf/14.2.0/../../../../mips64-elf/lib/libt3d.a
                0x80013020                t3d_viewport_attach
 .text.t3d_viewport_set_perspective
                0x8001339c       0x4c /opt/libdragon/lib/gcc/mips64-elf/14.2.0/../../../../mips64-elf/lib/libt3d.a
                0x8001339c                t3d_viewport_set_perspective
 .text.t3d_viewport_set_projection
                0x800133e8       0x40 /opt/libdragon/lib/gcc/mips64-elf/14.2.0/../../../../mips64-elf/lib/libt3d.a
                0x800133e8                t3d_viewport_set_projection
 .text.t3d_viewport_look_at
                0x80013428       0x58 /opt/libdragon/lib/gcc/mips64-elf/14.2.0/../../../../mips64-elf/lib/libt3d.a
                0x80013428                t3d_viewport_look_at
 .text.t3d_indexbuffer_convert
                0x80013480       0x58 /opt/libdragon/lib/gcc/mips64-elf/14.2.0/../../../../mips64-elf/lib/libt3d.a
                0x80013480                t3d_indexbuffer_convert
 .text.set_texture
                0x800134d8      0x2d4 /opt/libdragon/lib/gcc/mips64-elf/14.2.0/../../../../mips64-elf/lib/libt3d.a
 .text.t3d_model_load
                0x800137ac      0x3fc /opt/libdragon/lib/gcc/mips64-elf/14.2.0/../../../../mips64-elf/lib/libt3d.a
                0x800137ac                t3d_model_load
 .text.t3d_model_draw_object
                0x80013ba8      0x20c /opt/libdragon/lib/gcc/mips64-elf/14.2.0/../../../../mips64-elf/lib/libt3d.a
                0x80013ba8                t3d_model_draw_object
 .text.t3d_model_draw_material
                0x80013db4      0x368 /opt/libdragon/lib/gcc/mips64-elf/14.2.0/../../../../mips64-elf/lib/libt3d.a
                0x80013db4                t3d_model_draw_material
 .text.t3d_model_iter_next
                0x8001411c       0x68 /opt/libdragon/lib/gcc/mips64-elf/14.2.0/../../../../mips64-elf/lib/libt3d.a
                0x8001411c                t3d_model_iter_next
 .text.t3d_model_draw_custom
                0x80014184      0x100 /opt/libdragon/lib/gcc/mips64-elf/14.2.0/../../../../mips64-elf/lib/libt3d.a
                0x80014184                t3d_model_draw_custom
 *fill*         0x80014284       0x1c 
 .text.data_cache_hit_writeback
                0x800142a0       0x60 /opt/libdragon/lib/gcc/mips64-elf/14.2.0/../../../../mips64-elf/lib/libdragon.a(n64sys.o)
                0x800142a0                data_cache_hit_writeback
 .text.__data_cache_hit_invalidate
                0x80014300       0x60 /opt/libdragon/lib/gcc/mips64-elf/14.2.0/../../../../mips64-elf/lib/libdragon.a(n64sys.o)
                0x80014300                __data_cache_hit_invalidate
 .text.data_cache_hit_writeback_invalidate
                0x80014360       0x60 /opt/libdragon/lib/gcc/mips64-elf/14.2.0/../../../../mips64-elf/lib/libdragon.a(n64sys.o)
                0x80014360                data_cache_hit_writeback_invalidate
 .text.inst_cache_hit_invalidate
                0x800143c0       0x60 /opt/libdragon/lib/gcc/mips64-elf/14.2.0/../../../../mips64-elf/lib/libdragon.a(n64sys.o)
                0x800143c0                inst_cache_hit_invalidate
 .text.malloc_uncached_aligned
                0x80014420       0xc0 /opt/libdragon/lib/gcc/mips64-elf/14.2.0/../../../../mips64-elf/lib/libdragon.a(n64sys.o)
                0x80014420                malloc_uncached_aligned
 .text.malloc_uncached
                0x800144e0       0x20 /opt/libdragon/lib/gcc/mips64-elf/14.2.0/../../../../mips64-elf/lib/libdragon.a(n64sys.o)
                0x800144e0                malloc_uncached
 .text.free_uncached
                0x80014500       0x20 /opt/libdragon/lib/gcc/mips64-elf/14.2.0/../../../../mips64-elf/lib/libdragon.a(n64sys.o)
                0x80014500                free_uncached
 .text.get_memory_size
                0x80014520       0x20 /opt/libdragon/lib/gcc/mips64-elf/14.2.0/../../../../mips64-elf/lib/libdragon.a(n64sys.o)
                0x80014520                get_memory_size
 .text.get_ticks
                0x80014540       0x40 /opt/libdragon/lib/gcc/mips64-elf/14.2.0/../../../../mips64-elf/lib/libdragon.a(n64sys.o)
                0x80014540                get_ticks
 .text.get_ticks_ms
                0x80014580       0x60 /opt/libdragon/lib/gcc/mips64-elf/14.2.0/../../../../mips64-elf/lib/libdragon.a(n64sys.o)
                0x80014580                get_ticks_ms
 .text.wait_ms  0x800145e0       0x40 /opt/libdragon/lib/gcc/mips64-elf/14.2.0/../../../../mips64-elf/lib/libdragon.a(n64sys.o)
                0x800145e0                wait_ms
 .text.die      0x80014620       0x60 /opt/libdragon/lib/gcc/mips64-elf/14.2.0/../../../../mips64-elf/lib/libdragon.a(n64sys.o)
                0x80014620                die
 .text.startup.__init_cop1
                0x80014680       0x40 /opt/libdragon/lib/gcc/mips64-elf/14.2.0/../../../../mips64-elf/lib/libdragon.a(n64sys.o)
                0x80014680                __init_cop1
 .text.__MI_handler
                0x800146c0      0x380 /opt/libdragon/lib/gcc/mips64-elf/14.2.0/../../../../mips64-elf/lib/libdragon.a(interrupt.o)
                0x800146c0                __MI_handler
 .text.__MI_BB_handler
                0x80014a40      0x300 /opt/libdragon/lib/gcc/mips64-elf/14.2.0/../../../../mips64-elf/lib/libdragon.a(interrupt.o)
                0x80014a40                __MI_BB_handler
 .text.__TI_handler
                0x80014d40       0x80 /opt/libdragon/lib/gcc/mips64-elf/14.2.0/../../../../mips64-elf/lib/libdragon.a(interrupt.o)
                0x80014d40                __TI_handler
 .text.__CART_handler
                0x80014dc0      0x100 /opt/libdragon/lib/gcc/mips64-elf/14.2.0/../../../../mips64-elf/lib/libdragon.a(interrupt.o)
                0x80014dc0                __CART_handler
 .text.__RESET_handler
                0x80014ec0       0x60 /opt/libdragon/lib/gcc/mips64-elf/14.2.0/../../../../mips64-elf/lib/libdragon.a(interrupt.o)
                0x80014ec0                __RESET_handler
 .text.register_VI_handler
                0x80014f20       0x60 /opt/libdragon/lib/gcc/mips64-elf/14.2.0/../../../../mips64-elf/lib/libdragon.a(interrupt.o)
                0x80014f20                register_VI_handler
 .text.unregister_VI_handler
                0x80014f80       0x60 /opt/libdragon/lib/gcc/mips64-elf/14.2.0/../../../../mips64-elf/lib/libdragon.a(interrupt.o)
                0x80014f80                unregister_VI_handler
 .text.register_DP_handler
                0x80014fe0       0x60 /opt/libdragon/lib/gcc/mips64-elf/14.2.0/../../../../mips64-elf/lib/libdragon.a(interrupt.o)
                0x80014fe0                register_DP_handler
 .text.register_SI_handler
                0x80015040       0x60 /opt/libdragon/lib/gcc/mips64-elf/14.2.0/../../../../mips64-elf/lib/libdragon.a(interrupt.o)
                0x80015040                register_SI_handler
 .text.register_SP_handler
                0x800150a0       0x60 /opt/libdragon/lib/gcc/mips64-elf/14.2.0/../../../../mips64-elf/lib/libdragon.a(interrupt.o)
                0x800150a0                register_SP_handler
 .text.register_TI_handler
                0x80015100       0x60 /opt/libdragon/lib/gcc/mips64-elf/14.2.0/../../../../mips64-elf/lib/libdragon.a(interrupt.o)
                0x80015100                register_TI_handler
 .text.register_RESET_handler
                0x80015160       0x80 /opt/libdragon/lib/gcc/mips64-elf/14.2.0/../../../../mips64-elf/lib/libdragon.a(interrupt.o)
                0x80015160                register_RESET_handler
 .text.set_VI_interrupt
                0x800151e0       0x40 /opt/libdragon/lib/gcc/mips64-elf/14.2.0/../../../../mips64-elf/lib/libdragon.a(interrupt.o)
                0x800151e0                set_VI_interrupt
 .text.set_DP_interrupt
                0x80015220       0x20 /opt/libdragon/lib/gcc/mips64-elf/14.2.0/../../../../mips64-elf/lib/libdragon.a(interrupt.o)
                0x80015220                set_DP_interrupt
 .text.set_SI_interrupt
                0x80015240       0x20 /opt/libdragon/lib/gcc/mips64-elf/14.2.0/../../../../mips64-elf/lib/libdragon.a(interrupt.o)
                0x80015240                set_SI_interrupt
 .text.set_SP_interrupt
                0x80015260       0x20 /opt/libdragon/lib/gcc/mips64-elf/14.2.0/../../../../mips64-elf/lib/libdragon.a(interrupt.o)
                0x80015260                set_SP_interrupt
 .text.set_TI_interrupt
                0x80015280       0x40 /opt/libdragon/lib/gcc/mips64-elf/14.2.0/../../../../mips64-elf/lib/libdragon.a(interrupt.o)
                0x80015280                set_TI_interrupt
 .text.startup.__init_interrupts
                0x800152c0       0x60 /opt/libdragon/lib/gcc/mips64-elf/14.2.0/../../../../mips64-elf/lib/libdragon.a(interrupt.o)
                0x800152c0                __init_interrupts
 .text.disable_interrupts
                0x80015320       0x40 /opt/libdragon/lib/gcc/mips64-elf/14.2.0/../../../../mips64-elf/lib/libdragon.a(interrupt.o)
                0x80015320                disable_interrupts
 .text.enable_interrupts
                0x80015360       0x80 /opt/libdragon/lib/gcc/mips64-elf/14.2.0/../../../../mips64-elf/lib/libdragon.a(interrupt.o)
                0x80015360                enable_interrupts
 .text.get_interrupts_state
                0x800153e0       0x20 /opt/libdragon/lib/gcc/mips64-elf/14.2.0/../../../../mips64-elf/lib/libdragon.a(interrupt.o)
                0x800153e0                get_interrupts_state
 .text.exception_reset_time
                0x80015400       0x20 /opt/libdragon/lib/gcc/mips64-elf/14.2.0/../../../../mips64-elf/lib/libdragon.a(interrupt.o)
                0x80015400                exception_reset_time
 .text.sinf_approx
                0x80015420      0x120 /opt/libdragon/lib/gcc/mips64-elf/14.2.0/../../../../mips64-elf/lib/libdragon.a(fmath.o)
 .text.fm_sinf  0x80015540       0x60 /opt/libdragon/lib/gcc/mips64-elf/14.2.0/../../../../mips64-elf/lib/libdragon.a(fmath.o)
                0x80015540                fm_sinf
 .text.fm_cosf  0x800155a0       0x60 /opt/libdragon/lib/gcc/mips64-elf/14.2.0/../../../../mips64-elf/lib/libdragon.a(fmath.o)
                0x800155a0                fm_cosf
 .text.cb.0     0x80015600       0xa0 /opt/libdragon/lib/gcc/mips64-elf/14.2.0/../../../../mips64-elf/lib/libdragon.a(debug.o)
 .text.debug_assert_func_f
                0x800156a0       0xe0 /opt/libdragon/lib/gcc/mips64-elf/14.2.0/../../../../mips64-elf/lib/libdragon.a(debug.o)
                0x800156a0                debug_assert_func_f
 .text.debug_assert_func
                0x80015780       0x20 /opt/libdragon/lib/gcc/mips64-elf/14.2.0/../../../../mips64-elf/lib/libdragon.a(debug.o)
                0x80015780                debug_assert_func
 .text.debug_hexdump
                0x800157a0      0x280 /opt/libdragon/lib/gcc/mips64-elf/14.2.0/../../../../mips64-elf/lib/libdragon.a(debug.o)
                0x800157a0                debug_hexdump
 .text.__debug_backtrace
                0x80015a20      0x120 /opt/libdragon/lib/gcc/mips64-elf/14.2.0/../../../../mips64-elf/lib/libdragon.a(debug.o)
                0x80015a20                __debug_backtrace
 .text.debug_backtrace
                0x80015b40       0x20 /opt/libdragon/lib/gcc/mips64-elf/14.2.0/../../../../mips64-elf/lib/libdragon.a(debug.o)
                0x80015b40                debug_backtrace
 .text.get_next_token
                0x80015b60       0xc0 /opt/libdragon/lib/gcc/mips64-elf/14.2.0/../../../../mips64-elf/lib/libdragon.a(dragonfs.o)
 .text.__fstat  0x80015c20       0x40 /opt/libdragon/lib/gcc/mips64-elf/14.2.0/../../../../mips64-elf/lib/libdragon.a(dragonfs.o)
 .text.lookup_file
                0x80015c60      0x260 /opt/libdragon/lib/gcc/mips64-elf/14.2.0/../../../../mips64-elf/lib/libdragon.a(dragonfs.o)
 .text.__close  0x80015ec0       0x40 /opt/libdragon/lib/gcc/mips64-elf/14.2.0/../../../../mips64-elf/lib/libdragon.a(dragonfs.o)
 .text.__ioctl  0x80015f00       0x60 /opt/libdragon/lib/gcc/mips64-elf/14.2.0/../../../../mips64-elf/lib/libdragon.a(dragonfs.o)
 .text.recurse_path
                0x80015f60      0x3e0 /opt/libdragon/lib/gcc/mips64-elf/14.2.0/../../../../mips64-elf/lib/libdragon.a(dragonfs.o)
 .text.__findnext
                0x80016340      0x100 /opt/libdragon/lib/gcc/mips64-elf/14.2.0/../../../../mips64-elf/lib/libdragon.a(dragonfs.o)
 .text.__dfs_findfirst
                0x80016440       0xe0 /opt/libdragon/lib/gcc/mips64-elf/14.2.0/../../../../mips64-elf/lib/libdragon.a(dragonfs.o)
 .text.__findfirst
                0x80016520       0x60 /opt/libdragon/lib/gcc/mips64-elf/14.2.0/../../../../mips64-elf/lib/libdragon.a(dragonfs.o)
 .text.__lseek  0x80016580       0xa0 /opt/libdragon/lib/gcc/mips64-elf/14.2.0/../../../../mips64-elf/lib/libdragon.a(dragonfs.o)
 .text.dfs_open
                0x80016620      0x1a0 /opt/libdragon/lib/gcc/mips64-elf/14.2.0/../../../../mips64-elf/lib/libdragon.a(dragonfs.o)
                0x80016620                dfs_open
 .text.__open   0x800167c0       0xc0 /opt/libdragon/lib/gcc/mips64-elf/14.2.0/../../../../mips64-elf/lib/libdragon.a(dragonfs.o)
 .text.dfs_read
                0x80016880      0x1c0 /opt/libdragon/lib/gcc/mips64-elf/14.2.0/../../../../mips64-elf/lib/libdragon.a(dragonfs.o)
                0x80016880                dfs_read
 .text.__read   0x80016a40       0x20 /opt/libdragon/lib/gcc/mips64-elf/14.2.0/../../../../mips64-elf/lib/libdragon.a(dragonfs.o)
 .text.dfs_init
                0x80016a60      0x220 /opt/libdragon/lib/gcc/mips64-elf/14.2.0/../../../../mips64-elf/lib/libdragon.a(dragonfs.o)
                0x80016a60                dfs_init
 .text.display_show.part.0
                0x80016c80      0x140 /opt/libdragon/lib/gcc/mips64-elf/14.2.0/../../../../mips64-elf/lib/libdragon.a(display.o)
 .text.__display_callback
                0x80016dc0      0x3c0 /opt/libdragon/lib/gcc/mips64-elf/14.2.0/../../../../mips64-elf/lib/libdragon.a(display.o)
 .text.display_init
                0x80017180      0x9a0 /opt/libdragon/lib/gcc/mips64-elf/14.2.0/../../../../mips64-elf/lib/libdragon.a(display.o)
                0x80017180                display_init
 .text.display_close
                0x80017b20      0x140 /opt/libdragon/lib/gcc/mips64-elf/14.2.0/../../../../mips64-elf/lib/libdragon.a(display.o)
                0x80017b20                display_close
 .text.display_try_get
                0x80017c60       0xc0 /opt/libdragon/lib/gcc/mips64-elf/14.2.0/../../../../mips64-elf/lib/libdragon.a(display.o)
                0x80017c60                display_try_get
 .text.display_get
                0x80017d20      0x140 /opt/libdragon/lib/gcc/mips64-elf/14.2.0/../../../../mips64-elf/lib/libdragon.a(display.o)
                0x80017d20                display_get
 .text.display_get_zbuf
                0x80017e60      0x140 /opt/libdragon/lib/gcc/mips64-elf/14.2.0/../../../../mips64-elf/lib/libdragon.a(display.o)
                0x80017e60                display_get_zbuf
 .text.display_show
                0x80017fa0       0x20 /opt/libdragon/lib/gcc/mips64-elf/14.2.0/../../../../mips64-elf/lib/libdragon.a(display.o)
                0x80017fa0                display_show
 .text.display_show_force
                0x80017fc0       0x40 /opt/libdragon/lib/gcc/mips64-elf/14.2.0/../../../../mips64-elf/lib/libdragon.a(display.o)
                0x80017fc0                display_show_force
 .text.display_get_width
                0x80018000       0x20 /opt/libdragon/lib/gcc/mips64-elf/14.2.0/../../../../mips64-elf/lib/libdragon.a(display.o)
                0x80018000                display_get_width
 .text.display_get_height
                0x80018020       0x20 /opt/libdragon/lib/gcc/mips64-elf/14.2.0/../../../../mips64-elf/lib/libdragon.a(display.o)
                0x80018020                display_get_height
 .text.display_get_bitdepth
                0x80018040       0x20 /opt/libdragon/lib/gcc/mips64-elf/14.2.0/../../../../mips64-elf/lib/libdragon.a(display.o)
                0x80018040                display_get_bitdepth
 .text.tex_format_name
                0x80018060       0x40 /opt/libdragon/lib/gcc/mips64-elf/14.2.0/../../../../mips64-elf/lib/libdragon.a(surface.o)
                0x80018060                tex_format_name
 .text.surface_alloc
                0x800180a0       0xe0 /opt/libdragon/lib/gcc/mips64-elf/14.2.0/../../../../mips64-elf/lib/libdragon.a(surface.o)
                0x800180a0                surface_alloc
 .text.surface_free
                0x80018180       0x80 /opt/libdragon/lib/gcc/mips64-elf/14.2.0/../../../../mips64-elf/lib/libdragon.a(surface.o)
                0x80018180                surface_free
 .text.must_open.part.0
                0x80018200      0x100 /opt/libdragon/lib/gcc/mips64-elf/14.2.0/../../../../mips64-elf/lib/libdragon.a(asset.o)
 .text.asset_read
                0x80018300      0x420 /opt/libdragon/lib/gcc/mips64-elf/14.2.0/../../../../mips64-elf/lib/libdragon.a(asset.o)
 .text.asset_read_header
                0x80018720      0x1e0 /opt/libdragon/lib/gcc/mips64-elf/14.2.0/../../../../mips64-elf/lib/libdragon.a(asset.o)
 .text.__asset_init_compression_lvl2
                0x80018900       0x60 /opt/libdragon/lib/gcc/mips64-elf/14.2.0/../../../../mips64-elf/lib/libdragon.a(asset.o)
                0x80018900                __asset_init_compression_lvl2
 .text.asset_load
                0x80018960      0x140 /opt/libdragon/lib/gcc/mips64-elf/14.2.0/../../../../mips64-elf/lib/libdragon.a(asset.o)
                0x80018960                asset_load
 .text.decompress_lz4_full_inplace
                0x80018aa0       0x20 /opt/libdragon/lib/gcc/mips64-elf/14.2.0/../../../../mips64-elf/lib/libdragon.a(lz4_dec.o)
                0x80018aa0                decompress_lz4_full_inplace
 .text.decompress_lz4_init
                0x80018ac0       0x60 /opt/libdragon/lib/gcc/mips64-elf/14.2.0/../../../../mips64-elf/lib/libdragon.a(lz4_dec.o)
                0x80018ac0                decompress_lz4_init
 .text.decompress_lz4_reset
                0x80018b20       0x40 /opt/libdragon/lib/gcc/mips64-elf/14.2.0/../../../../mips64-elf/lib/libdragon.a(lz4_dec.o)
                0x80018b20                decompress_lz4_reset
 .text.decompress_lz4_read
                0x80018b60      0x400 /opt/libdragon/lib/gcc/mips64-elf/14.2.0/../../../../mips64-elf/lib/libdragon.a(lz4_dec.o)
                0x80018b60                decompress_lz4_read
 .text.decompress_lz4_full_fast
                0x80018f60      0x1c0 /opt/libdragon/lib/gcc/mips64-elf/14.2.0/../../../../mips64-elf/lib/libdragon.a(lz4_dec_fast.o)
                0x80018f60                decompress_lz4_full_fast
 .text.__ringbuf_init
                0x80019120       0x80 /opt/libdragon/lib/gcc/mips64-elf/14.2.0/../../../../mips64-elf/lib/libdragon.a(ringbuf.o)
                0x80019120                __ringbuf_init
 .text.__ringbuf_write
                0x800191a0       0xc0 /opt/libdragon/lib/gcc/mips64-elf/14.2.0/../../../../mips64-elf/lib/libdragon.a(ringbuf.o)
                0x800191a0                __ringbuf_write
 .text.__ringbuf_copy
                0x80019260      0x1a0 /opt/libdragon/lib/gcc/mips64-elf/14.2.0/../../../../mips64-elf/lib/libdragon.a(ringbuf.o)
                0x80019260                __ringbuf_copy
 .text.refill   0x80019400      0x100 /opt/libdragon/lib/gcc/mips64-elf/14.2.0/../../../../mips64-elf/lib/libdragon.a(aplib_dec.o)
 .text.decompress_reset.part.0.constprop.0
                0x80019500       0xa0 /opt/libdragon/lib/gcc/mips64-elf/14.2.0/../../../../mips64-elf/lib/libdragon.a(aplib_dec.o)
 .text.decompress_aplib_partial.part.0
                0x800195a0      0x940 /opt/libdragon/lib/gcc/mips64-elf/14.2.0/../../../../mips64-elf/lib/libdragon.a(aplib_dec.o)
 .text.decompress_aplib_init
                0x80019ee0       0x60 /opt/libdragon/lib/gcc/mips64-elf/14.2.0/../../../../mips64-elf/lib/libdragon.a(aplib_dec.o)
                0x80019ee0                decompress_aplib_init
 .text.decompress_aplib_reset
                0x80019f40       0x40 /opt/libdragon/lib/gcc/mips64-elf/14.2.0/../../../../mips64-elf/lib/libdragon.a(aplib_dec.o)
                0x80019f40                decompress_aplib_reset
 .text.decompress_aplib_read
                0x80019f80       0x40 /opt/libdragon/lib/gcc/mips64-elf/14.2.0/../../../../mips64-elf/lib/libdragon.a(aplib_dec.o)
                0x80019f80                decompress_aplib_read
 .text.decompress_aplib_full_inplace
                0x80019fc0       0x20 /opt/libdragon/lib/gcc/mips64-elf/14.2.0/../../../../mips64-elf/lib/libdragon.a(aplib_dec.o)
                0x80019fc0                decompress_aplib_full_inplace
 .text.joypad_inputs_from_n64_controller_read
                0x80019fe0       0xc0 /opt/libdragon/lib/gcc/mips64-elf/14.2.0/../../../../mips64-elf/lib/libdragon.a(joypad.o)
 .text.joypad_gcn_origin_callback
                0x8001a0a0       0xe0 /opt/libdragon/lib/gcc/mips64-elf/14.2.0/../../../../mips64-elf/lib/libdragon.a(joypad.o)
 .text.joybus_input_read_n64_controllers
                0x8001a180       0xe0 /opt/libdragon/lib/gcc/mips64-elf/14.2.0/../../../../mips64-elf/lib/libdragon.a(joypad.o)
 .text.joypad_read_callback
                0x8001a260       0x60 /opt/libdragon/lib/gcc/mips64-elf/14.2.0/../../../../mips64-elf/lib/libdragon.a(joypad.o)
 .text.joypad_device_changed
                0x8001a2c0       0x80 /opt/libdragon/lib/gcc/mips64-elf/14.2.0/../../../../mips64-elf/lib/libdragon.a(joypad.o)
 .text.joypad_identify_callback
                0x8001a340      0x2a0 /opt/libdragon/lib/gcc/mips64-elf/14.2.0/../../../../mips64-elf/lib/libdragon.a(joypad.o)
 .text.joypad_read_async.part.0
                0x8001a5e0      0x220 /opt/libdragon/lib/gcc/mips64-elf/14.2.0/../../../../mips64-elf/lib/libdragon.a(joypad.o)
 .text.joypad_identify_async.part.0
                0x8001a800      0x140 /opt/libdragon/lib/gcc/mips64-elf/14.2.0/../../../../mips64-elf/lib/libdragon.a(joypad.o)
 .text.joypad_poll.part.0
                0x8001a940      0x520 /opt/libdragon/lib/gcc/mips64-elf/14.2.0/../../../../mips64-elf/lib/libdragon.a(joypad.o)
 .text.joypad_vi_interrupt_callback
                0x8001ae60       0xa0 /opt/libdragon/lib/gcc/mips64-elf/14.2.0/../../../../mips64-elf/lib/libdragon.a(joypad.o)
 .text.joypad_reset_interrupt_callback
                0x8001af00      0x2c0 /opt/libdragon/lib/gcc/mips64-elf/14.2.0/../../../../mips64-elf/lib/libdragon.a(joypad.o)
 .text.joypad_read_n64_inputs
                0x8001b1c0      0x1e0 /opt/libdragon/lib/gcc/mips64-elf/14.2.0/../../../../mips64-elf/lib/libdragon.a(joypad.o)
                0x8001b1c0                joypad_read_n64_inputs
 .text.joypad_init
                0x8001b3a0      0x1e0 /opt/libdragon/lib/gcc/mips64-elf/14.2.0/../../../../mips64-elf/lib/libdragon.a(joypad.o)
                0x8001b3a0                joypad_init
 .text.joypad_poll
                0x8001b580       0x60 /opt/libdragon/lib/gcc/mips64-elf/14.2.0/../../../../mips64-elf/lib/libdragon.a(joypad.o)
                0x8001b580                joypad_poll
 .text.joypad_get_inputs
                0x8001b5e0       0xa0 /opt/libdragon/lib/gcc/mips64-elf/14.2.0/../../../../mips64-elf/lib/libdragon.a(joypad.o)
                0x8001b5e0                joypad_get_inputs
 .text.joypad_get_buttons_pressed
                0x8001b680       0xa0 /opt/libdragon/lib/gcc/mips64-elf/14.2.0/../../../../mips64-elf/lib/libdragon.a(joypad.o)
                0x8001b680                joypad_get_buttons_pressed
 .text.joypad_transfer_pak_wait_timer_callback
                0x8001b720      0x140 /opt/libdragon/lib/gcc/mips64-elf/14.2.0/../../../../mips64-elf/lib/libdragon.a(joypad_accessory.o)
 .text.joypad_accessory_check_read_crc_error
                0x8001b860      0x1c0 /opt/libdragon/lib/gcc/mips64-elf/14.2.0/../../../../mips64-elf/lib/libdragon.a(joypad_accessory.o)
 .text.joypad_transfer_pak_enable_read_callback
                0x8001ba20       0xc0 /opt/libdragon/lib/gcc/mips64-elf/14.2.0/../../../../mips64-elf/lib/libdragon.a(joypad_accessory.o)
 .text.joypad_accessory_check_write_crc_error
                0x8001bae0      0x1c0 /opt/libdragon/lib/gcc/mips64-elf/14.2.0/../../../../mips64-elf/lib/libdragon.a(joypad_accessory.o)
 .text.joypad_accessory_detect_write_callback
                0x8001bca0      0x360 /opt/libdragon/lib/gcc/mips64-elf/14.2.0/../../../../mips64-elf/lib/libdragon.a(joypad_accessory.o)
 .text.joypad_transfer_pak_enable_write_callback
                0x8001c000      0x180 /opt/libdragon/lib/gcc/mips64-elf/14.2.0/../../../../mips64-elf/lib/libdragon.a(joypad_accessory.o)
 .text.joypad_accessory_detect_read_callback
                0x8001c180      0x4e0 /opt/libdragon/lib/gcc/mips64-elf/14.2.0/../../../../mips64-elf/lib/libdragon.a(joypad_accessory.o)
 .text.joypad_accessory_reset
                0x8001c660      0x140 /opt/libdragon/lib/gcc/mips64-elf/14.2.0/../../../../mips64-elf/lib/libdragon.a(joypad_accessory.o)
                0x8001c660                joypad_accessory_reset
 .text.joypad_transfer_pak_wait_timer_init
                0x8001c7a0       0xe0 /opt/libdragon/lib/gcc/mips64-elf/14.2.0/../../../../mips64-elf/lib/libdragon.a(joypad_accessory.o)
                0x8001c7a0                joypad_transfer_pak_wait_timer_init
 .text.joypad_accessory_detect_async
                0x8001c880      0x140 /opt/libdragon/lib/gcc/mips64-elf/14.2.0/../../../../mips64-elf/lib/libdragon.a(joypad_accessory.o)
                0x8001c880                joypad_accessory_detect_async
 .text.rsp_load_code
                0x8001c9c0      0x100 /opt/libdragon/lib/gcc/mips64-elf/14.2.0/../../../../mips64-elf/lib/libdragon.a(rsp.o)
                0x8001c9c0                rsp_load_code
 .text.rsp_load_data
                0x8001cac0       0xe0 /opt/libdragon/lib/gcc/mips64-elf/14.2.0/../../../../mips64-elf/lib/libdragon.a(rsp.o)
                0x8001cac0                rsp_load_data
 .text.rsp_load
                0x8001cba0       0x60 /opt/libdragon/lib/gcc/mips64-elf/14.2.0/../../../../mips64-elf/lib/libdragon.a(rsp.o)
                0x8001cba0                rsp_load
 .text.rsp_read_code
                0x8001cc00       0xe0 /opt/libdragon/lib/gcc/mips64-elf/14.2.0/../../../../mips64-elf/lib/libdragon.a(rsp.o)
                0x8001cc00                rsp_read_code
 .text.rsp_read_data
                0x8001cce0       0xe0 /opt/libdragon/lib/gcc/mips64-elf/14.2.0/../../../../mips64-elf/lib/libdragon.a(rsp.o)
                0x8001cce0                rsp_read_data
 .text.__rsp_run_async
                0x8001cdc0       0x40 /opt/libdragon/lib/gcc/mips64-elf/14.2.0/../../../../mips64-elf/lib/libdragon.a(rsp.o)
                0x8001cdc0                __rsp_run_async
 .text.__rsp_crash
                0x8001ce00      0xc40 /opt/libdragon/lib/gcc/mips64-elf/14.2.0/../../../../mips64-elf/lib/libdragon.a(rsp.o)
                0x8001ce00                __rsp_crash
 .text.__rsp_check_assert
                0x8001da40       0x80 /opt/libdragon/lib/gcc/mips64-elf/14.2.0/../../../../mips64-elf/lib/libdragon.a(rsp.o)
                0x8001da40                __rsp_check_assert
 .text.rsp_wait
                0x8001dac0      0x100 /opt/libdragon/lib/gcc/mips64-elf/14.2.0/../../../../mips64-elf/lib/libdragon.a(rsp.o)
                0x8001dac0                rsp_wait
 .text.rsp_run  0x8001dbc0       0x60 /opt/libdragon/lib/gcc/mips64-elf/14.2.0/../../../../mips64-elf/lib/libdragon.a(rsp.o)
                0x8001dbc0                rsp_run
 .text.cb.2     0x8001dc20       0x60 /opt/libdragon/lib/gcc/mips64-elf/14.2.0/../../../../mips64-elf/lib/libdragon.a(inspector.o)
 .text.cb.1     0x8001dc80       0x60 /opt/libdragon/lib/gcc/mips64-elf/14.2.0/../../../../mips64-elf/lib/libdragon.a(inspector.o)
 .text.inspector_print_backtrace
                0x8001dce0      0x180 /opt/libdragon/lib/gcc/mips64-elf/14.2.0/../../../../mips64-elf/lib/libdragon.a(inspector.o)
 .text.cb.0     0x8001de60      0x120 /opt/libdragon/lib/gcc/mips64-elf/14.2.0/../../../../mips64-elf/lib/libdragon.a(inspector.o)
 .text.cb.3     0x8001df80      0x120 /opt/libdragon/lib/gcc/mips64-elf/14.2.0/../../../../mips64-elf/lib/libdragon.a(inspector.o)
 .text.inspector_stdout
                0x8001e0a0      0x300 /opt/libdragon/lib/gcc/mips64-elf/14.2.0/../../../../mips64-elf/lib/libdragon.a(inspector.o)
 .text.title    0x8001e3a0       0xa0 /opt/libdragon/lib/gcc/mips64-elf/14.2.0/../../../../mips64-elf/lib/libdragon.a(inspector.o)
 .text.mips_disasm
                0x8001e440      0x6e0 /opt/libdragon/lib/gcc/mips64-elf/14.2.0/../../../../mips64-elf/lib/libdragon.a(inspector.o)
 .text.inspector
                0x8001eb20     0x10a0 /opt/libdragon/lib/gcc/mips64-elf/14.2.0/../../../../mips64-elf/lib/libdragon.a(inspector.o)
 .text.handler.4
                0x8001fbc0       0x40 /opt/libdragon/lib/gcc/mips64-elf/14.2.0/../../../../mips64-elf/lib/libdragon.a(inspector.o)
 .text.__inspector_exception
                0x8001fc00       0x20 /opt/libdragon/lib/gcc/mips64-elf/14.2.0/../../../../mips64-elf/lib/libdragon.a(inspector.o)
                0x8001fc00                __inspector_exception
 .text.__inspector_assertion
                0x8001fc20       0x20 /opt/libdragon/lib/gcc/mips64-elf/14.2.0/../../../../mips64-elf/lib/libdragon.a(inspector.o)
                0x8001fc20                __inspector_assertion
 .text.startup.__inspector_init
                0x8001fc40       0x20 /opt/libdragon/lib/gcc/mips64-elf/14.2.0/../../../../mips64-elf/lib/libdragon.a(inspector.o)
                0x8001fc40                __inspector_init
 .text.__sprite_upgrade.part.0
                0x8001fc60       0x40 /opt/libdragon/lib/gcc/mips64-elf/14.2.0/../../../../mips64-elf/lib/libdragon.a(sprite.o)
 .text.sprite_load_buf.part.0
                0x8001fca0       0x40 /opt/libdragon/lib/gcc/mips64-elf/14.2.0/../../../../mips64-elf/lib/libdragon.a(sprite.o)
 .text.__sprite_ext
                0x8001fce0       0xa0 /opt/libdragon/lib/gcc/mips64-elf/14.2.0/../../../../mips64-elf/lib/libdragon.a(sprite.o)
                0x8001fce0                __sprite_ext
 .text.sprite_load
                0x8001fd80       0xe0 /opt/libdragon/lib/gcc/mips64-elf/14.2.0/../../../../mips64-elf/lib/libdragon.a(sprite.o)
                0x8001fd80                sprite_load
 .text.sprite_get_pixels
                0x8001fe60       0x60 /opt/libdragon/lib/gcc/mips64-elf/14.2.0/../../../../mips64-elf/lib/libdragon.a(sprite.o)
                0x8001fe60                sprite_get_pixels
 .text.sprite_get_lod_pixels
                0x8001fec0      0x160 /opt/libdragon/lib/gcc/mips64-elf/14.2.0/../../../../mips64-elf/lib/libdragon.a(sprite.o)
                0x8001fec0                sprite_get_lod_pixels
 .text.sprite_get_detail_texparms
                0x80020020       0xa0 /opt/libdragon/lib/gcc/mips64-elf/14.2.0/../../../../mips64-elf/lib/libdragon.a(sprite.o)
                0x80020020                sprite_get_detail_texparms
 .text.sprite_get_detail_pixels
                0x800200c0      0x160 /opt/libdragon/lib/gcc/mips64-elf/14.2.0/../../../../mips64-elf/lib/libdragon.a(sprite.o)
                0x800200c0                sprite_get_detail_pixels
 .text.sprite_get_palette
                0x80020220       0x60 /opt/libdragon/lib/gcc/mips64-elf/14.2.0/../../../../mips64-elf/lib/libdragon.a(sprite.o)
                0x80020220                sprite_get_palette
 .text.sprite_get_texparms
                0x80020280       0xc0 /opt/libdragon/lib/gcc/mips64-elf/14.2.0/../../../../mips64-elf/lib/libdragon.a(sprite.o)
                0x80020280                sprite_get_texparms
 .text.sprite_fits_tmem
                0x80020340       0x40 /opt/libdragon/lib/gcc/mips64-elf/14.2.0/../../../../mips64-elf/lib/libdragon.a(sprite.o)
                0x80020340                sprite_fits_tmem
 .text.sprite_is_shq
                0x80020380       0x40 /opt/libdragon/lib/gcc/mips64-elf/14.2.0/../../../../mips64-elf/lib/libdragon.a(sprite.o)
                0x80020380                sprite_is_shq
 .text.dma_read_raw_async
                0x800203c0       0xa0 /opt/libdragon/lib/gcc/mips64-elf/14.2.0/../../../../mips64-elf/lib/libdragon.a(dma.o)
                0x800203c0                dma_read_raw_async
 .text.dma_read_async
                0x80020460      0x4e0 /opt/libdragon/lib/gcc/mips64-elf/14.2.0/../../../../mips64-elf/lib/libdragon.a(dma.o)
                0x80020460                dma_read_async
 .text.dma_read
                0x80020940       0x40 /opt/libdragon/lib/gcc/mips64-elf/14.2.0/../../../../mips64-elf/lib/libdragon.a(dma.o)
                0x80020940                dma_read
 .text.io_read  0x80020980       0x60 /opt/libdragon/lib/gcc/mips64-elf/14.2.0/../../../../mips64-elf/lib/libdragon.a(dma.o)
                0x80020980                io_read
 .text.timer_update_compare
                0x800209e0       0x40 /opt/libdragon/lib/gcc/mips64-elf/14.2.0/../../../../mips64-elf/lib/libdragon.a(timer.o)
 .text.timer_poll
                0x80020a20      0x1a0 /opt/libdragon/lib/gcc/mips64-elf/14.2.0/../../../../mips64-elf/lib/libdragon.a(timer.o)
 .text.timer_init
                0x80020bc0       0x60 /opt/libdragon/lib/gcc/mips64-elf/14.2.0/../../../../mips64-elf/lib/libdragon.a(timer.o)
                0x80020bc0                timer_init
 .text.new_timer_context
                0x80020c20      0x100 /opt/libdragon/lib/gcc/mips64-elf/14.2.0/../../../../mips64-elf/lib/libdragon.a(timer.o)
                0x80020c20                new_timer_context
 .text.restart_timer
                0x80020d20       0x80 /opt/libdragon/lib/gcc/mips64-elf/14.2.0/../../../../mips64-elf/lib/libdragon.a(timer.o)
                0x80020d20                restart_timer
 .text.stop_timer
                0x80020da0       0xe0 /opt/libdragon/lib/gcc/mips64-elf/14.2.0/../../../../mips64-elf/lib/libdragon.a(timer.o)
                0x80020da0                stop_timer
 .text.cb.0     0x80020e80       0x40 /opt/libdragon/lib/gcc/mips64-elf/14.2.0/../../../../mips64-elf/lib/libdragon.a(exception.o)
 .text.cb.1     0x80020ec0       0x80 /opt/libdragon/lib/gcc/mips64-elf/14.2.0/../../../../mips64-elf/lib/libdragon.a(exception.o)
 .text.is_unmapped_kx64
                0x80020f40      0x1e0 /opt/libdragon/lib/gcc/mips64-elf/14.2.0/../../../../mips64-elf/lib/libdragon.a(exception.o)
 .text.__get_exception_name.isra.0
                0x80021120      0x5c0 /opt/libdragon/lib/gcc/mips64-elf/14.2.0/../../../../mips64-elf/lib/libdragon.a(exception.o)
 .text.__exception_dump_header
                0x800216e0      0x340 /opt/libdragon/lib/gcc/mips64-elf/14.2.0/../../../../mips64-elf/lib/libdragon.a(exception.o)
                0x800216e0                __exception_dump_header
 .text.__exception_dump_gpr
                0x80021a20      0x180 /opt/libdragon/lib/gcc/mips64-elf/14.2.0/../../../../mips64-elf/lib/libdragon.a(exception.o)
                0x80021a20                __exception_dump_gpr
 .text.__exception_dump_fpr
                0x80021ba0      0x2e0 /opt/libdragon/lib/gcc/mips64-elf/14.2.0/../../../../mips64-elf/lib/libdragon.a(exception.o)
                0x80021ba0                __exception_dump_fpr
 .text.exception_default_handler
                0x80021e80      0x1a0 /opt/libdragon/lib/gcc/mips64-elf/14.2.0/../../../../mips64-elf/lib/libdragon.a(exception.o)
                0x80021e80                exception_default_handler
 .text.__onCriticalException
                0x80022020       0x80 /opt/libdragon/lib/gcc/mips64-elf/14.2.0/../../../../mips64-elf/lib/libdragon.a(exception.o)
                0x80022020                __onCriticalException
 .text.register_syscall_handler
                0x800220a0      0x1a0 /opt/libdragon/lib/gcc/mips64-elf/14.2.0/../../../../mips64-elf/lib/libdragon.a(exception.o)
                0x800220a0                register_syscall_handler
 .text.__onSyscallException
                0x80022240      0x1a0 /opt/libdragon/lib/gcc/mips64-elf/14.2.0/../../../../mips64-elf/lib/libdragon.a(exception.o)
                0x80022240                __onSyscallException
 .text.__wrap___do_global_ctors
                0x800223e0       0xe0 /opt/libdragon/lib/gcc/mips64-elf/14.2.0/../../../../mips64-elf/lib/libdragon.a(do_ctors.o)
                0x800223e0                __wrap___do_global_ctors
 .text.rspq_switch_context
                0x800224c0       0x60 /opt/libdragon/lib/gcc/mips64-elf/14.2.0/../../../../mips64-elf/lib/libdragon.a(rspq.o)
 .text.rspq_flush_internal
                0x80022520       0x40 /opt/libdragon/lib/gcc/mips64-elf/14.2.0/../../../../mips64-elf/lib/libdragon.a(rspq.o)
 .text.rspq_sp_interrupt
                0x80022560       0xa0 /opt/libdragon/lib/gcc/mips64-elf/14.2.0/../../../../mips64-elf/lib/libdragon.a(rspq.o)
 .text.rspq_init_context
                0x80022600       0xa0 /opt/libdragon/lib/gcc/mips64-elf/14.2.0/../../../../mips64-elf/lib/libdragon.a(rspq.o)
 .text.rspq_switch_buffer.part.0
                0x800226a0       0x40 /opt/libdragon/lib/gcc/mips64-elf/14.2.0/../../../../mips64-elf/lib/libdragon.a(rspq.o)
 .text.rspq_crash_handler
                0x800226e0      0x320 /opt/libdragon/lib/gcc/mips64-elf/14.2.0/../../../../mips64-elf/lib/libdragon.a(rspq.o)
 .text.rspq_assert_handler
                0x80022a00      0x100 /opt/libdragon/lib/gcc/mips64-elf/14.2.0/../../../../mips64-elf/lib/libdragon.a(rspq.o)
 .text.rspq_init
                0x80022b00      0x3c0 /opt/libdragon/lib/gcc/mips64-elf/14.2.0/../../../../mips64-elf/lib/libdragon.a(rspq.o)
                0x80022b00                rspq_init
 .text.rspq_flush
                0x80022ec0       0x40 /opt/libdragon/lib/gcc/mips64-elf/14.2.0/../../../../mips64-elf/lib/libdragon.a(rspq.o)
                0x80022ec0                rspq_flush
 .text.rspq_highpri_begin
                0x80022f00      0x120 /opt/libdragon/lib/gcc/mips64-elf/14.2.0/../../../../mips64-elf/lib/libdragon.a(rspq.o)
                0x80022f00                rspq_highpri_begin
 .text.rspq_highpri_end
                0x80023020       0xa0 /opt/libdragon/lib/gcc/mips64-elf/14.2.0/../../../../mips64-elf/lib/libdragon.a(rspq.o)
                0x80023020                rspq_highpri_end
 .text.rspq_block_begin
                0x800230c0      0x100 /opt/libdragon/lib/gcc/mips64-elf/14.2.0/../../../../mips64-elf/lib/libdragon.a(rspq.o)
                0x800230c0                rspq_block_begin
 .text.rspq_block_end
                0x800231c0       0xa0 /opt/libdragon/lib/gcc/mips64-elf/14.2.0/../../../../mips64-elf/lib/libdragon.a(rspq.o)
                0x800231c0                rspq_block_end
 .text.__rspq_deferred_poll
                0x80023260       0xe0 /opt/libdragon/lib/gcc/mips64-elf/14.2.0/../../../../mips64-elf/lib/libdragon.a(rspq.o)
                0x80023260                __rspq_deferred_poll
 .text.rspq_next_buffer
                0x80023340      0x2e0 /opt/libdragon/lib/gcc/mips64-elf/14.2.0/../../../../mips64-elf/lib/libdragon.a(rspq.o)
                0x80023340                rspq_next_buffer
 .text.rspq_block_run
                0x80023620      0x100 /opt/libdragon/lib/gcc/mips64-elf/14.2.0/../../../../mips64-elf/lib/libdragon.a(rspq.o)
                0x80023620                rspq_block_run
 .text.rspq_syncpoint_new
                0x80023720       0xe0 /opt/libdragon/lib/gcc/mips64-elf/14.2.0/../../../../mips64-elf/lib/libdragon.a(rspq.o)
                0x80023720                rspq_syncpoint_new
 .text.rspq_overlay_register_internal
                0x80023800      0x540 /opt/libdragon/lib/gcc/mips64-elf/14.2.0/../../../../mips64-elf/lib/libdragon.a(rspq.o)
 .text.rspq_overlay_register
                0x80023d40       0x20 /opt/libdragon/lib/gcc/mips64-elf/14.2.0/../../../../mips64-elf/lib/libdragon.a(rspq.o)
                0x80023d40                rspq_overlay_register
 .text.rspq_overlay_register_static
                0x80023d60       0x60 /opt/libdragon/lib/gcc/mips64-elf/14.2.0/../../../../mips64-elf/lib/libdragon.a(rspq.o)
                0x80023d60                rspq_overlay_register_static
 .text.rspq_syncpoint_wait
                0x80023dc0      0x160 /opt/libdragon/lib/gcc/mips64-elf/14.2.0/../../../../mips64-elf/lib/libdragon.a(rspq.o)
                0x80023dc0                rspq_syncpoint_wait
 .text.rspq_wait
                0x80023f20      0x240 /opt/libdragon/lib/gcc/mips64-elf/14.2.0/../../../../mips64-elf/lib/libdragon.a(rspq.o)
                0x80023f20                rspq_wait
 .text.rspq_overlay_get_state
                0x80024160      0x160 /opt/libdragon/lib/gcc/mips64-elf/14.2.0/../../../../mips64-elf/lib/libdragon.a(rspq.o)
                0x80024160                rspq_overlay_get_state
 .text.__rdpq_interrupt
                0x800242c0       0xc0 /opt/libdragon/lib/gcc/mips64-elf/14.2.0/../../../../mips64-elf/lib/libdragon.a(rdpq.o)
 .text.rdpq_assert_handler
                0x80024380       0xc0 /opt/libdragon/lib/gcc/mips64-elf/14.2.0/../../../../mips64-elf/lib/libdragon.a(rdpq.o)
 .text.rdpq_set_tile
                0x80024440      0x2a0 /opt/libdragon/lib/gcc/mips64-elf/14.2.0/../../../../mips64-elf/lib/libdragon.a(rdpq.o)
                0x80024440                rdpq_set_tile
 .text.rdpq_config_set
                0x800246e0       0x20 /opt/libdragon/lib/gcc/mips64-elf/14.2.0/../../../../mips64-elf/lib/libdragon.a(rdpq.o)
                0x800246e0                rdpq_config_set
 .text.rdpq_config_disable
                0x80024700       0x20 /opt/libdragon/lib/gcc/mips64-elf/14.2.0/../../../../mips64-elf/lib/libdragon.a(rdpq.o)
                0x80024700                rdpq_config_disable
 .text.__rdpq_block_begin
                0x80024720       0x40 /opt/libdragon/lib/gcc/mips64-elf/14.2.0/../../../../mips64-elf/lib/libdragon.a(rdpq.o)
                0x80024720                __rdpq_block_begin
 .text.__rdpq_block_next_buffer
                0x80024760      0x1e0 /opt/libdragon/lib/gcc/mips64-elf/14.2.0/../../../../mips64-elf/lib/libdragon.a(rdpq.o)
                0x80024760                __rdpq_block_next_buffer
 .text.rdpq_fence
                0x80024940      0x140 /opt/libdragon/lib/gcc/mips64-elf/14.2.0/../../../../mips64-elf/lib/libdragon.a(rdpq.o)
                0x80024940                rdpq_fence
 .text.__rdpq_block_end
                0x80024a80       0x40 /opt/libdragon/lib/gcc/mips64-elf/14.2.0/../../../../mips64-elf/lib/libdragon.a(rdpq.o)
                0x80024a80                __rdpq_block_end
 .text.__rdpq_block_run
                0x80024ac0       0xa0 /opt/libdragon/lib/gcc/mips64-elf/14.2.0/../../../../mips64-elf/lib/libdragon.a(rdpq.o)
                0x80024ac0                __rdpq_block_run
 .text.__rdpq_block_reserve
                0x80024b60      0x120 /opt/libdragon/lib/gcc/mips64-elf/14.2.0/../../../../mips64-elf/lib/libdragon.a(rdpq.o)
                0x80024b60                __rdpq_block_reserve
 .text.__rdpq_block_update
                0x80024c80      0x120 /opt/libdragon/lib/gcc/mips64-elf/14.2.0/../../../../mips64-elf/lib/libdragon.a(rdpq.o)
                0x80024c80                __rdpq_block_update
 .text.__rdpq_write8
                0x80024da0       0xe0 /opt/libdragon/lib/gcc/mips64-elf/14.2.0/../../../../mips64-elf/lib/libdragon.a(rdpq.o)
                0x80024da0                __rdpq_write8
 .text.__rdpq_autosync_change
                0x80024e80      0x140 /opt/libdragon/lib/gcc/mips64-elf/14.2.0/../../../../mips64-elf/lib/libdragon.a(rdpq.o)
                0x80024e80                __rdpq_autosync_change
 .text.__rdpq_write8_syncchange
                0x80024fc0       0x60 /opt/libdragon/lib/gcc/mips64-elf/14.2.0/../../../../mips64-elf/lib/libdragon.a(rdpq.o)
                0x80024fc0                __rdpq_write8_syncchange
 .text.rdpq_set_blend_color
                0x80025020       0x20 /opt/libdragon/lib/gcc/mips64-elf/14.2.0/../../../../mips64-elf/lib/libdragon.a(rdpq.o)
                0x80025020                rdpq_set_blend_color
 .text.rdpq_set_env_color
                0x80025040       0x20 /opt/libdragon/lib/gcc/mips64-elf/14.2.0/../../../../mips64-elf/lib/libdragon.a(rdpq.o)
                0x80025040                rdpq_set_env_color
 .text.__rdpq_fixup_write8_syncchange
                0x80025060      0x140 /opt/libdragon/lib/gcc/mips64-elf/14.2.0/../../../../mips64-elf/lib/libdragon.a(rdpq.o)
                0x80025060                __rdpq_fixup_write8_syncchange
 .text.rdpq_set_prim_color
                0x800251a0       0x20 /opt/libdragon/lib/gcc/mips64-elf/14.2.0/../../../../mips64-elf/lib/libdragon.a(rdpq.o)
                0x800251a0                rdpq_set_prim_color
 .text.__rdpq_write8_syncchangeuse
                0x800251c0       0x80 /opt/libdragon/lib/gcc/mips64-elf/14.2.0/../../../../mips64-elf/lib/libdragon.a(rdpq.o)
                0x800251c0                __rdpq_write8_syncchangeuse
 .text.__rdpq_set_scissor
                0x80025240      0x100 /opt/libdragon/lib/gcc/mips64-elf/14.2.0/../../../../mips64-elf/lib/libdragon.a(rdpq.o)
                0x80025240                __rdpq_set_scissor
 .text.__rdpq_set_fill_color
                0x80025340      0x100 /opt/libdragon/lib/gcc/mips64-elf/14.2.0/../../../../mips64-elf/lib/libdragon.a(rdpq.o)
                0x80025340                __rdpq_set_fill_color
 .text.__rdpq_set_color_image
                0x80025440      0x140 /opt/libdragon/lib/gcc/mips64-elf/14.2.0/../../../../mips64-elf/lib/libdragon.a(rdpq.o)
                0x80025440                __rdpq_set_color_image
 .text.rdpq_set_color_image
                0x80025580      0x200 /opt/libdragon/lib/gcc/mips64-elf/14.2.0/../../../../mips64-elf/lib/libdragon.a(rdpq.o)
                0x80025580                rdpq_set_color_image
 .text.rdpq_set_z_image
                0x80025780       0xc0 /opt/libdragon/lib/gcc/mips64-elf/14.2.0/../../../../mips64-elf/lib/libdragon.a(rdpq.o)
                0x80025780                rdpq_set_z_image
 .text.rdpq_set_texture_image
                0x80025840      0x160 /opt/libdragon/lib/gcc/mips64-elf/14.2.0/../../../../mips64-elf/lib/libdragon.a(rdpq.o)
                0x80025840                rdpq_set_texture_image
 .text.__rdpq_set_other_modes
                0x800259a0      0x140 /opt/libdragon/lib/gcc/mips64-elf/14.2.0/../../../../mips64-elf/lib/libdragon.a(rdpq.o)
                0x800259a0                __rdpq_set_other_modes
 .text.rdpq_init
                0x80025ae0      0x1c0 /opt/libdragon/lib/gcc/mips64-elf/14.2.0/../../../../mips64-elf/lib/libdragon.a(rdpq.o)
                0x80025ae0                rdpq_init
 .text.rdpq_set_tile_autotmem
                0x80025ca0       0xa0 /opt/libdragon/lib/gcc/mips64-elf/14.2.0/../../../../mips64-elf/lib/libdragon.a(rdpq.o)
                0x80025ca0                rdpq_set_tile_autotmem
 .text.rdpq_sync_full
                0x80025d40      0x120 /opt/libdragon/lib/gcc/mips64-elf/14.2.0/../../../../mips64-elf/lib/libdragon.a(rdpq.o)
                0x80025d40                rdpq_sync_full
 .text.rdpq_sync_pipe
                0x80025e60       0x60 /opt/libdragon/lib/gcc/mips64-elf/14.2.0/../../../../mips64-elf/lib/libdragon.a(rdpq.o)
                0x80025e60                rdpq_sync_pipe
 .text.rdpq_sync_tile
                0x80025ec0       0x60 /opt/libdragon/lib/gcc/mips64-elf/14.2.0/../../../../mips64-elf/lib/libdragon.a(rdpq.o)
                0x80025ec0                rdpq_sync_tile
 .text.rdpq_sync_load
                0x80025f20       0x60 /opt/libdragon/lib/gcc/mips64-elf/14.2.0/../../../../mips64-elf/lib/libdragon.a(rdpq.o)
                0x80025f20                rdpq_sync_load
 .text.__rdpq_fill_rectangle
                0x80025f80      0x120 /opt/libdragon/lib/gcc/mips64-elf/14.2.0/../../../../mips64-elf/lib/libdragon.a(rdpq_rect.o)
                0x80025f80                __rdpq_fill_rectangle
 .text.__rdpq_fill_rectangle_offline
                0x800260a0       0x80 /opt/libdragon/lib/gcc/mips64-elf/14.2.0/../../../../mips64-elf/lib/libdragon.a(rdpq_rect.o)
                0x800260a0                __rdpq_fill_rectangle_offline
 .text.__rdpq_fixup_mode
                0x80026120       0xc0 /opt/libdragon/lib/gcc/mips64-elf/14.2.0/../../../../mips64-elf/lib/libdragon.a(rdpq_mode.o)
                0x80026120                __rdpq_fixup_mode
 .text.rdpq_mode_blender
                0x800261e0       0x20 /opt/libdragon/lib/gcc/mips64-elf/14.2.0/../../../../mips64-elf/lib/libdragon.a(rdpq_mode.o)
                0x800261e0                rdpq_mode_blender
 .text.__rdpq_fixup_mode3
                0x80026200       0xe0 /opt/libdragon/lib/gcc/mips64-elf/14.2.0/../../../../mips64-elf/lib/libdragon.a(rdpq_mode.o)
                0x80026200                __rdpq_fixup_mode3
 .text.__rdpq_mode_change_som
                0x800262e0       0xa0 /opt/libdragon/lib/gcc/mips64-elf/14.2.0/../../../../mips64-elf/lib/libdragon.a(rdpq_mode.o)
                0x800262e0                __rdpq_mode_change_som
 .text.rdpq_mode_dithering
                0x80026380       0x20 /opt/libdragon/lib/gcc/mips64-elf/14.2.0/../../../../mips64-elf/lib/libdragon.a(rdpq_mode.o)
                0x80026380                rdpq_mode_dithering
 .text.rdpq_mode_filter
                0x800263a0       0x20 /opt/libdragon/lib/gcc/mips64-elf/14.2.0/../../../../mips64-elf/lib/libdragon.a(rdpq_mode.o)
                0x800263a0                rdpq_mode_filter
 .text.rdpq_mode_persp
                0x800263c0       0x20 /opt/libdragon/lib/gcc/mips64-elf/14.2.0/../../../../mips64-elf/lib/libdragon.a(rdpq_mode.o)
                0x800263c0                rdpq_mode_persp
 .text.rdpq_mode_fog
                0x800263e0       0xc0 /opt/libdragon/lib/gcc/mips64-elf/14.2.0/../../../../mips64-elf/lib/libdragon.a(rdpq_mode.o)
                0x800263e0                rdpq_mode_fog
 .text.rdpq_mode_antialias
                0x800264a0       0x60 /opt/libdragon/lib/gcc/mips64-elf/14.2.0/../../../../mips64-elf/lib/libdragon.a(rdpq_mode.o)
                0x800264a0                rdpq_mode_antialias
 .text.__rdpq_fixup_mode4
                0x80026500       0xe0 /opt/libdragon/lib/gcc/mips64-elf/14.2.0/../../../../mips64-elf/lib/libdragon.a(rdpq_mode.o)
                0x80026500                __rdpq_fixup_mode4
 .text.rdpq_mode_combiner
                0x800265e0      0x100 /opt/libdragon/lib/gcc/mips64-elf/14.2.0/../../../../mips64-elf/lib/libdragon.a(rdpq_mode.o)
                0x800265e0                rdpq_mode_combiner
 .text.__rdpq_reset_render_mode
                0x800266e0      0x100 /opt/libdragon/lib/gcc/mips64-elf/14.2.0/../../../../mips64-elf/lib/libdragon.a(rdpq_mode.o)
                0x800266e0                __rdpq_reset_render_mode
 .text.rdpq_mode_push
                0x800267e0       0x40 /opt/libdragon/lib/gcc/mips64-elf/14.2.0/../../../../mips64-elf/lib/libdragon.a(rdpq_mode.o)
                0x800267e0                rdpq_mode_push
 .text.rdpq_mode_pop
                0x80026820       0x20 /opt/libdragon/lib/gcc/mips64-elf/14.2.0/../../../../mips64-elf/lib/libdragon.a(rdpq_mode.o)
                0x80026820                rdpq_mode_pop
 .text.__rdpq_set_mode_fill
                0x80026840       0x80 /opt/libdragon/lib/gcc/mips64-elf/14.2.0/../../../../mips64-elf/lib/libdragon.a(rdpq_mode.o)
                0x80026840                __rdpq_set_mode_fill
 .text.rdpq_set_mode_standard
                0x800268c0       0xc0 /opt/libdragon/lib/gcc/mips64-elf/14.2.0/../../../../mips64-elf/lib/libdragon.a(rdpq_mode.o)
                0x800268c0                rdpq_set_mode_standard
 .text.rdpq_mode_begin
                0x80026980       0x40 /opt/libdragon/lib/gcc/mips64-elf/14.2.0/../../../../mips64-elf/lib/libdragon.a(rdpq_mode.o)
                0x80026980                rdpq_mode_begin
 .text.rdpq_mode_end
                0x800269c0       0x40 /opt/libdragon/lib/gcc/mips64-elf/14.2.0/../../../../mips64-elf/lib/libdragon.a(rdpq_mode.o)
                0x800269c0                rdpq_mode_end
 .text.sprite_upload_palette
                0x80026a00       0xe0 /opt/libdragon/lib/gcc/mips64-elf/14.2.0/../../../../mips64-elf/lib/libdragon.a(rdpq_sprite.o)
 .text.__rdpq_sprite_upload
                0x80026ae0      0x540 /opt/libdragon/lib/gcc/mips64-elf/14.2.0/../../../../mips64-elf/lib/libdragon.a(rdpq_sprite.o)
                0x80026ae0                __rdpq_sprite_upload
 .text.rdpq_sprite_upload
                0x80027020       0x20 /opt/libdragon/lib/gcc/mips64-elf/14.2.0/../../../../mips64-elf/lib/libdragon.a(rdpq_sprite.o)
                0x80027020                rdpq_sprite_upload
 .text.texload_recalc_tileparms
                0x80027040      0x3e0 /opt/libdragon/lib/gcc/mips64-elf/14.2.0/../../../../mips64-elf/lib/libdragon.a(rdpq_tex.o)
 .text.texload_set_rect
                0x80027420      0x240 /opt/libdragon/lib/gcc/mips64-elf/14.2.0/../../../../mips64-elf/lib/libdragon.a(rdpq_tex.o)
 .text.rdpq_load_block.part.0
                0x80027660       0x40 /opt/libdragon/lib/gcc/mips64-elf/14.2.0/../../../../mips64-elf/lib/libdragon.a(rdpq_tex.o)
 .text.texload_tile
                0x800276a0      0x260 /opt/libdragon/lib/gcc/mips64-elf/14.2.0/../../../../mips64-elf/lib/libdragon.a(rdpq_tex.o)
 .text.texload_tile_4bpp
                0x80027900      0x380 /opt/libdragon/lib/gcc/mips64-elf/14.2.0/../../../../mips64-elf/lib/libdragon.a(rdpq_tex.o)
 .text.texload_block_4bpp
                0x80027c80      0x460 /opt/libdragon/lib/gcc/mips64-elf/14.2.0/../../../../mips64-elf/lib/libdragon.a(rdpq_tex.o)
 .text.texload_block_8bpp
                0x800280e0      0x400 /opt/libdragon/lib/gcc/mips64-elf/14.2.0/../../../../mips64-elf/lib/libdragon.a(rdpq_tex.o)
 .text.texload_block
                0x800284e0      0x400 /opt/libdragon/lib/gcc/mips64-elf/14.2.0/../../../../mips64-elf/lib/libdragon.a(rdpq_tex.o)
 .text.tex_loader_load
                0x800288e0      0x120 /opt/libdragon/lib/gcc/mips64-elf/14.2.0/../../../../mips64-elf/lib/libdragon.a(rdpq_tex.o)
                0x800288e0                tex_loader_load
 .text.rdpq_tex_upload_sub
                0x80028a00      0x240 /opt/libdragon/lib/gcc/mips64-elf/14.2.0/../../../../mips64-elf/lib/libdragon.a(rdpq_tex.o)
                0x80028a00                rdpq_tex_upload_sub
 .text.rdpq_tex_upload
                0x80028c40       0x40 /opt/libdragon/lib/gcc/mips64-elf/14.2.0/../../../../mips64-elf/lib/libdragon.a(rdpq_tex.o)
                0x80028c40                rdpq_tex_upload
 .text.rdpq_tex_reuse_sub
                0x80028c80      0x520 /opt/libdragon/lib/gcc/mips64-elf/14.2.0/../../../../mips64-elf/lib/libdragon.a(rdpq_tex.o)
                0x80028c80                rdpq_tex_reuse_sub
 .text.rdpq_tex_reuse
                0x800291a0       0x40 /opt/libdragon/lib/gcc/mips64-elf/14.2.0/../../../../mips64-elf/lib/libdragon.a(rdpq_tex.o)
                0x800291a0                rdpq_tex_reuse
 .text.rdpq_tex_upload_tlut
                0x800291e0      0x140 /opt/libdragon/lib/gcc/mips64-elf/14.2.0/../../../../mips64-elf/lib/libdragon.a(rdpq_tex.o)
                0x800291e0                rdpq_tex_upload_tlut
 .text.rdpq_tex_multi_begin
                0x80029320       0x60 /opt/libdragon/lib/gcc/mips64-elf/14.2.0/../../../../mips64-elf/lib/libdragon.a(rdpq_tex.o)
                0x80029320                rdpq_tex_multi_begin
 .text.rdpq_tex_multi_end
                0x80029380       0x60 /opt/libdragon/lib/gcc/mips64-elf/14.2.0/../../../../mips64-elf/lib/libdragon.a(rdpq_tex.o)
                0x80029380                rdpq_tex_multi_end
 .text.__rdpq_clear_z_with_rsp
                0x800293e0      0x140 /opt/libdragon/lib/gcc/mips64-elf/14.2.0/../../../../mips64-elf/lib/libdragon.a(rdpq_attach.o)
 .text.rdpq_attach.part.0
                0x80029520       0x40 /opt/libdragon/lib/gcc/mips64-elf/14.2.0/../../../../mips64-elf/lib/libdragon.a(rdpq_attach.o)
 .text.attach   0x80029560      0x220 /opt/libdragon/lib/gcc/mips64-elf/14.2.0/../../../../mips64-elf/lib/libdragon.a(rdpq_attach.o)
 .text.rdpq_attach
                0x80029780       0x40 /opt/libdragon/lib/gcc/mips64-elf/14.2.0/../../../../mips64-elf/lib/libdragon.a(rdpq_attach.o)
                0x80029780                rdpq_attach
 .text.__rdpq_clear
                0x800297c0       0xc0 /opt/libdragon/lib/gcc/mips64-elf/14.2.0/../../../../mips64-elf/lib/libdragon.a(rdpq_attach.o)
                0x800297c0                __rdpq_clear
 .text.rdpq_detach_cb
                0x80029880       0xc0 /opt/libdragon/lib/gcc/mips64-elf/14.2.0/../../../../mips64-elf/lib/libdragon.a(rdpq_attach.o)
                0x80029880                rdpq_detach_cb
 .text.__rdpq_clear_z
                0x80029940      0x200 /opt/libdragon/lib/gcc/mips64-elf/14.2.0/../../../../mips64-elf/lib/libdragon.a(rdpq_attach.o)
                0x80029940                __rdpq_clear_z
 .text.rdpq_detach_show
                0x80029b40       0x80 /opt/libdragon/lib/gcc/mips64-elf/14.2.0/../../../../mips64-elf/lib/libdragon.a(rdpq_attach.o)
                0x80029b40                rdpq_detach_show
 .text.kthread_free
                0x80029bc0       0x60 /opt/libdragon/lib/gcc/mips64-elf/14.2.0/../../../../mips64-elf/lib/libdragon.a(kernel.o)
 .text.__thlist_add.part.0
                0x80029c20       0x40 /opt/libdragon/lib/gcc/mips64-elf/14.2.0/../../../../mips64-elf/lib/libdragon.a(kernel.o)
 .text.startup.__kernel_tls_init
                0x80029c60       0x40 /opt/libdragon/lib/gcc/mips64-elf/14.2.0/../../../../mips64-elf/lib/libdragon.a(kernel.o)
                0x80029c60                __kernel_tls_init
 .text.__kthread_check_overflow
                0x80029ca0       0xe0 /opt/libdragon/lib/gcc/mips64-elf/14.2.0/../../../../mips64-elf/lib/libdragon.a(kernel.o)
                0x80029ca0                __kthread_check_overflow
 .text.__thlist_splice_pri
                0x80029d80      0x100 /opt/libdragon/lib/gcc/mips64-elf/14.2.0/../../../../mips64-elf/lib/libdragon.a(kernel.o)
                0x80029d80                __thlist_splice_pri
 .text.kmutex_unlock_internal
                0x80029e80       0xa0 /opt/libdragon/lib/gcc/mips64-elf/14.2.0/../../../../mips64-elf/lib/libdragon.a(kernel.o)
 .text.__kthread_syscall_schedule
                0x80029f20      0x340 /opt/libdragon/lib/gcc/mips64-elf/14.2.0/../../../../mips64-elf/lib/libdragon.a(kernel.o)
                0x80029f20                __kthread_syscall_schedule
 .text.kthread_current
                0x8002a260       0x20 /opt/libdragon/lib/gcc/mips64-elf/14.2.0/../../../../mips64-elf/lib/libdragon.a(kernel.o)
                0x8002a260                kthread_current
 .text.kthread_suspend
                0x8002a280       0x40 /opt/libdragon/lib/gcc/mips64-elf/14.2.0/../../../../mips64-elf/lib/libdragon.a(kernel.o)
                0x8002a280                kthread_suspend
 .text.kthread_backtrace
                0x8002a2c0       0x80 /opt/libdragon/lib/gcc/mips64-elf/14.2.0/../../../../mips64-elf/lib/libdragon.a(kernel.o)
                0x8002a2c0                kthread_backtrace
 .text.kmutex_init
                0x8002a340       0x60 /opt/libdragon/lib/gcc/mips64-elf/14.2.0/../../../../mips64-elf/lib/libdragon.a(kernel.o)
                0x8002a340                kmutex_init
 .text.kmutex_destroy
                0x8002a3a0       0xa0 /opt/libdragon/lib/gcc/mips64-elf/14.2.0/../../../../mips64-elf/lib/libdragon.a(kernel.o)
                0x8002a3a0                kmutex_destroy
 .text.kmutex_lock
                0x8002a440      0x1a0 /opt/libdragon/lib/gcc/mips64-elf/14.2.0/../../../../mips64-elf/lib/libdragon.a(kernel.o)
                0x8002a440                kmutex_lock
 .text.kmutex_unlock
                0x8002a5e0      0x180 /opt/libdragon/lib/gcc/mips64-elf/14.2.0/../../../../mips64-elf/lib/libdragon.a(kernel.o)
                0x8002a5e0                kmutex_unlock
 .text.__kcond_broadcast_isr
                0x8002a760       0x40 /opt/libdragon/lib/gcc/mips64-elf/14.2.0/../../../../mips64-elf/lib/libdragon.a(kernel.o)
                0x8002a760                __kcond_broadcast_isr
 .text.kcond_wait
                0x8002a7a0      0x160 /opt/libdragon/lib/gcc/mips64-elf/14.2.0/../../../../mips64-elf/lib/libdragon.a(kernel.o)
                0x8002a7a0                kcond_wait
 .text.kirq_begin_wait_si
                0x8002a900       0x20 /opt/libdragon/lib/gcc/mips64-elf/14.2.0/../../../../mips64-elf/lib/libdragon.a(kirq.o)
                0x8002a900                kirq_begin_wait_si
 .text.kirq_begin_wait_vi
                0x8002a920       0x20 /opt/libdragon/lib/gcc/mips64-elf/14.2.0/../../../../mips64-elf/lib/libdragon.a(kirq.o)
                0x8002a920                kirq_begin_wait_vi
 .text.kirq_wait
                0x8002a940       0x80 /opt/libdragon/lib/gcc/mips64-elf/14.2.0/../../../../mips64-elf/lib/libdragon.a(kirq.o)
                0x8002a940                kirq_wait
 .text.cb.0     0x8002a9c0       0x40 /opt/libdragon/lib/gcc/mips64-elf/14.2.0/../../../../mips64-elf/lib/libdragon.a(backtrace.o)
 .text.cb.1     0x8002aa00       0x40 /opt/libdragon/lib/gcc/mips64-elf/14.2.0/../../../../mips64-elf/lib/libdragon.a(backtrace.o)
 .text.symt_open
                0x8002aa40      0x200 /opt/libdragon/lib/gcc/mips64-elf/14.2.0/../../../../mips64-elf/lib/libdragon.a(backtrace.o)
 .text.symt_addrtab_entry.isra.0
                0x8002ac40       0x60 /opt/libdragon/lib/gcc/mips64-elf/14.2.0/../../../../mips64-elf/lib/libdragon.a(backtrace.o)
 .text.format_entry
                0x8002aca0      0x2a0 /opt/libdragon/lib/gcc/mips64-elf/14.2.0/../../../../mips64-elf/lib/libdragon.a(backtrace.o)
 .text.symt_addrtab_search
                0x8002af40      0x160 /opt/libdragon/lib/gcc/mips64-elf/14.2.0/../../../../mips64-elf/lib/libdragon.a(backtrace.o)
 .text.__symbolize
                0x8002b0a0      0x280 /opt/libdragon/lib/gcc/mips64-elf/14.2.0/../../../../mips64-elf/lib/libdragon.a(backtrace.o)
                0x8002b0a0                __symbolize
 .text.__bt_analyze_func
                0x8002b320      0x1c0 /opt/libdragon/lib/gcc/mips64-elf/14.2.0/../../../../mips64-elf/lib/libdragon.a(backtrace.o)
                0x8002b320                __bt_analyze_func
 .text.backtrace_foreach.constprop.0
                0x8002b4e0      0x360 /opt/libdragon/lib/gcc/mips64-elf/14.2.0/../../../../mips64-elf/lib/libdragon.a(backtrace.o)
 .text.backtrace
                0x8002b840       0xe0 /opt/libdragon/lib/gcc/mips64-elf/14.2.0/../../../../mips64-elf/lib/libdragon.a(backtrace.o)
                0x8002b840                backtrace
 .text.__backtrace_from
                0x8002b920      0x100 /opt/libdragon/lib/gcc/mips64-elf/14.2.0/../../../../mips64-elf/lib/libdragon.a(backtrace.o)
                0x8002b920                __backtrace_from
 .text.backtrace_symbols_cb
                0x8002ba20      0x320 /opt/libdragon/lib/gcc/mips64-elf/14.2.0/../../../../mips64-elf/lib/libdragon.a(backtrace.o)
                0x8002ba20                backtrace_symbols_cb
 .text.backtrace_frame_print
                0x8002bd40       0xa0 /opt/libdragon/lib/gcc/mips64-elf/14.2.0/../../../../mips64-elf/lib/libdragon.a(backtrace.o)
                0x8002bd40                backtrace_frame_print
 .text.backtrace_frame_print_compact
                0x8002bde0      0x140 /opt/libdragon/lib/gcc/mips64-elf/14.2.0/../../../../mips64-elf/lib/libdragon.a(backtrace.o)
                0x8002bde0                backtrace_frame_print_compact
 .text.rompak_search_ext
                0x8002bf20      0x220 /opt/libdragon/lib/gcc/mips64-elf/14.2.0/../../../../mips64-elf/lib/libdragon.a(rompak.o)
                0x8002bf20                rompak_search_ext
 .text.__console_render.part.0
                0x8002c140      0x100 /opt/libdragon/lib/gcc/mips64-elf/14.2.0/../../../../mips64-elf/lib/libdragon.a(console.o)
 .text.__console_write
                0x8002c240      0x320 /opt/libdragon/lib/gcc/mips64-elf/14.2.0/../../../../mips64-elf/lib/libdragon.a(console.o)
 .text.console_set_render_mode
                0x8002c560       0x20 /opt/libdragon/lib/gcc/mips64-elf/14.2.0/../../../../mips64-elf/lib/libdragon.a(console.o)
                0x8002c560                console_set_render_mode
 .text.console_init
                0x8002c580       0xe0 /opt/libdragon/lib/gcc/mips64-elf/14.2.0/../../../../mips64-elf/lib/libdragon.a(console.o)
                0x8002c580                console_init
 .text.console_render
                0x8002c660       0x40 /opt/libdragon/lib/gcc/mips64-elf/14.2.0/../../../../mips64-elf/lib/libdragon.a(console.o)
                0x8002c660                console_render
 .text.console_set_debug
                0x8002c6a0       0x20 /opt/libdragon/lib/gcc/mips64-elf/14.2.0/../../../../mips64-elf/lib/libdragon.a(console.o)
                0x8002c6a0                console_set_debug
 .text.decompress_aplib_full_fast
                0x8002c6c0      0x2a0 /opt/libdragon/lib/gcc/mips64-elf/14.2.0/../../../../mips64-elf/lib/libdragon.a(aplib_dec_fast.o)
                0x8002c6c0                decompress_aplib_full_fast
 .text.callback.0
                0x8002c960       0x80 /opt/libdragon/lib/gcc/mips64-elf/14.2.0/../../../../mips64-elf/lib/libdragon.a(joybus.o)
 .text.joybus_msg_send
                0x8002c9e0       0x80 /opt/libdragon/lib/gcc/mips64-elf/14.2.0/../../../../mips64-elf/lib/libdragon.a(joybus.o)
 .text.si_interrupt
                0x8002ca60      0x1a0 /opt/libdragon/lib/gcc/mips64-elf/14.2.0/../../../../mips64-elf/lib/libdragon.a(joybus.o)
 .text.startup.__joybus_init
                0x8002cc00       0x60 /opt/libdragon/lib/gcc/mips64-elf/14.2.0/../../../../mips64-elf/lib/libdragon.a(joybus.o)
                0x8002cc00                __joybus_init
 .text.joybus_exec_async
                0x8002cc60      0x1a0 /opt/libdragon/lib/gcc/mips64-elf/14.2.0/../../../../mips64-elf/lib/libdragon.a(joybus.o)
                0x8002cc60                joybus_exec_async
 .text.joybus_exec
                0x8002ce00      0x160 /opt/libdragon/lib/gcc/mips64-elf/14.2.0/../../../../mips64-elf/lib/libdragon.a(joybus.o)
                0x8002ce00                joybus_exec
 .text.joybus_accessory_calculate_addr_checksum
                0x8002cf60       0x60 /opt/libdragon/lib/gcc/mips64-elf/14.2.0/../../../../mips64-elf/lib/libdragon.a(joybus_accessory.o)
                0x8002cf60                joybus_accessory_calculate_addr_checksum
 .text.joybus_accessory_calculate_data_crc
                0x8002cfc0       0xa0 /opt/libdragon/lib/gcc/mips64-elf/14.2.0/../../../../mips64-elf/lib/libdragon.a(joybus_accessory.o)
                0x8002cfc0                joybus_accessory_calculate_data_crc
 .text.joybus_accessory_compare_data_crc
                0x8002d060       0x60 /opt/libdragon/lib/gcc/mips64-elf/14.2.0/../../../../mips64-elf/lib/libdragon.a(joybus_accessory.o)
                0x8002d060                joybus_accessory_compare_data_crc
 .text.joybus_accessory_read_async
                0x8002d0c0       0xe0 /opt/libdragon/lib/gcc/mips64-elf/14.2.0/../../../../mips64-elf/lib/libdragon.a(joybus_accessory.o)
                0x8002d0c0                joybus_accessory_read_async
 .text.joybus_accessory_write_async
                0x8002d1a0      0x120 /opt/libdragon/lib/gcc/mips64-elf/14.2.0/../../../../mips64-elf/lib/libdragon.a(joybus_accessory.o)
                0x8002d1a0                joybus_accessory_write_async
 .text.graphics_draw_character.part.0
                0x8002d2c0      0x4e0 /opt/libdragon/lib/gcc/mips64-elf/14.2.0/../../../../mips64-elf/lib/libdragon.a(graphics.o)
 .text.graphics_set_color
                0x8002d7a0       0x20 /opt/libdragon/lib/gcc/mips64-elf/14.2.0/../../../../mips64-elf/lib/libdragon.a(graphics.o)
                0x8002d7a0                graphics_set_color
 .text.graphics_draw_box
                0x8002d7c0      0x120 /opt/libdragon/lib/gcc/mips64-elf/14.2.0/../../../../mips64-elf/lib/libdragon.a(graphics.o)
                0x8002d7c0                graphics_draw_box
 .text.graphics_fill_screen
                0x8002d8e0       0x80 /opt/libdragon/lib/gcc/mips64-elf/14.2.0/../../../../mips64-elf/lib/libdragon.a(graphics.o)
                0x8002d8e0                graphics_fill_screen
 .text.graphics_set_default_font
                0x8002d960       0x20 /opt/libdragon/lib/gcc/mips64-elf/14.2.0/../../../../mips64-elf/lib/libdragon.a(graphics.o)
                0x8002d960                graphics_set_default_font
 .text.graphics_draw_character
                0x8002d980       0x20 /opt/libdragon/lib/gcc/mips64-elf/14.2.0/../../../../mips64-elf/lib/libdragon.a(graphics.o)
                0x8002d980                graphics_draw_character
 .text.graphics_draw_text
                0x8002d9a0      0x120 /opt/libdragon/lib/gcc/mips64-elf/14.2.0/../../../../mips64-elf/lib/libdragon.a(graphics.o)
                0x8002d9a0                graphics_draw_text
 .text.__get_fs_link_by_name
                0x8002dac0       0xe0 /opt/libdragon/lib/gcc/mips64-elf/14.2.0/../../../../mips64-elf/lib/libdragonsys.a(system.o)
 .text.attach_filesystem
                0x8002dba0      0x200 /opt/libdragon/lib/gcc/mips64-elf/14.2.0/../../../../mips64-elf/lib/libdragonsys.a(system.o)
                0x8002dba0                attach_filesystem
 .text.close    0x8002dda0       0xe0 /opt/libdragon/lib/gcc/mips64-elf/14.2.0/../../../../mips64-elf/lib/libdragonsys.a(system.o)
                0x8002dda0                close
 .text._exit    0x8002de80       0x20 /opt/libdragon/lib/gcc/mips64-elf/14.2.0/../../../../mips64-elf/lib/libdragonsys.a(system.o)
                0x8002de80                _exit
 .text.fstat    0x8002dea0      0x100 /opt/libdragon/lib/gcc/mips64-elf/14.2.0/../../../../mips64-elf/lib/libdragonsys.a(system.o)
                0x8002dea0                fstat
 .text.getpid   0x8002dfa0       0x40 /opt/libdragon/lib/gcc/mips64-elf/14.2.0/../../../../mips64-elf/lib/libdragonsys.a(system.o)
                0x8002dfa0                getpid
 .text.isatty   0x8002dfe0       0x40 /opt/libdragon/lib/gcc/mips64-elf/14.2.0/../../../../mips64-elf/lib/libdragonsys.a(system.o)
                0x8002dfe0                isatty